Component: ARM Compiler 5.06 update 7 (build 960) Tool: armlink [4d3601]

==============================================================================

Section Cross References

    startup_stm32f40_41xxx.o(STACK) refers (Special) to heapauxi.o(.text) for __use_two_region_memory
    startup_stm32f40_41xxx.o(HEAP) refers (Special) to heapauxi.o(.text) for __use_two_region_memory
    startup_stm32f40_41xxx.o(RESET) refers (Special) to heapauxi.o(.text) for __use_two_region_memory
    startup_stm32f40_41xxx.o(RESET) refers to startup_stm32f40_41xxx.o(STACK) for __initial_sp
    startup_stm32f40_41xxx.o(RESET) refers to startup_stm32f40_41xxx.o(.text) for Reset_Handler
    startup_stm32f40_41xxx.o(RESET) refers to stm32f4xx_it.o(.text) for NMI_Handler
    startup_stm32f40_41xxx.o(RESET) refers to usart2.o(.text) for DMA1_Stream6_IRQHandler
    startup_stm32f40_41xxx.o(RESET) refers to exit.o(.text) for CAN1_RX0_IRQHandler
    startup_stm32f40_41xxx.o(RESET) refers to usart.o(.text) for USART1_IRQHandler
    startup_stm32f40_41xxx.o(RESET) refers to usart3.o(.text) for USART3_IRQHandler
    startup_stm32f40_41xxx.o(RESET) refers to sdio_sdcard.o(.text) for SDIO_IRQHandler
    startup_stm32f40_41xxx.o(.text) refers (Special) to heapauxi.o(.text) for __use_two_region_memory
    startup_stm32f40_41xxx.o(.text) refers to system_stm32f4xx.o(.text) for SystemInit
    startup_stm32f40_41xxx.o(.text) refers to __main.o(!!!main) for __main
    startup_stm32f40_41xxx.o(.text) refers to startup_stm32f40_41xxx.o(HEAP) for Heap_Mem
    startup_stm32f40_41xxx.o(.text) refers to startup_stm32f40_41xxx.o(STACK) for Stack_Mem
    stm32f4xx_gpio.o(.text) refers to stm32f4xx_rcc.o(.text) for RCC_AHB1PeriphResetCmd
    stm32f4xx_fsmc.o(.text) refers to stm32f4xx_fsmc.o(.constdata) for FSMC_DefaultTimingStruct
    stm32f4xx_rcc.o(.text) refers to stm32f4xx_rcc.o(.data) for APBAHBPrescTable
    stm32f4xx_syscfg.o(.text) refers to stm32f4xx_rcc.o(.text) for RCC_APB2PeriphResetCmd
    stm32f4xx_usart.o(.text) refers to stm32f4xx_rcc.o(.text) for RCC_APB2PeriphResetCmd
    stm32f4xx_can.o(.text) refers to stm32f4xx_rcc.o(.text) for RCC_APB1PeriphResetCmd
    stm32f4xx_sdio.o(.text) refers to stm32f4xx_rcc.o(.text) for RCC_APB2PeriphResetCmd
    stm32f4xx_pwr.o(.text) refers to stm32f4xx_rcc.o(.text) for RCC_APB1PeriphResetCmd
    exit.o(.text) refers to queue.o(.text) for insert_queue
    exit.o(.text) refers to stm32f4xx_can.o(.text) for CAN_Receive
    exit.o(.text) refers to stm32f4xx_rtc.o(.text) for RTC_GetDate
    exit.o(.text) refers to queue.o(.data) for myqueue
    delay.o(.text) refers to misc.o(.text) for SysTick_CLKSourceConfig
    delay.o(.text) refers to delay.o(.data) for fac_us
    usart.o(.rev16_text) refers (Special) to use_no_semi_2.o(.text) for __use_no_semihosting
    usart.o(.revsh_text) refers (Special) to use_no_semi_2.o(.text) for __use_no_semihosting
    usart.o(.text) refers (Special) to use_no_semi_2.o(.text) for __use_no_semihosting
    usart.o(.text) refers to stm32f4xx_rcc.o(.text) for RCC_AHB1PeriphClockCmd
    usart.o(.text) refers to stm32f4xx_gpio.o(.text) for GPIO_PinAFConfig
    usart.o(.text) refers to stm32f4xx_usart.o(.text) for USART_Init
    usart.o(.text) refers to misc.o(.text) for NVIC_Init
    usart.o(.text) refers to usart.o(.data) for USART_RX_STA
    usart.o(.text) refers to usart.o(.bss) for USART_RX_BUF
    usart.o(.bss) refers (Special) to use_no_semi_2.o(.text) for __use_no_semihosting
    usart.o(.data) refers (Special) to use_no_semi_2.o(.text) for __use_no_semihosting
    usart2.o(.text) refers to stm32f4xx_usart.o(.text) for USART_DeInit
    usart2.o(.text) refers to stm32f4xx_rcc.o(.text) for RCC_AHB1PeriphClockCmd
    usart2.o(.text) refers to stm32f4xx_gpio.o(.text) for GPIO_PinAFConfig
    usart2.o(.text) refers to misc.o(.text) for NVIC_Init
    usart2.o(.text) refers to stm32f4xx_dma.o(.text) for DMA_DeInit
    usart2.o(.text) refers to rt_memcpy_v6.o(.text) for __aeabi_memcpy
    usart2.o(.text) refers to usart2.o(.bss) for ReceiveBuff_USART2
    usart3.o(.text) refers to stm32f4xx_usart.o(.text) for USART_DeInit
    usart3.o(.text) refers to stm32f4xx_rcc.o(.text) for RCC_AHB1PeriphClockCmd
    usart3.o(.text) refers to stm32f4xx_gpio.o(.text) for GPIO_PinAFConfig
    usart3.o(.text) refers to misc.o(.text) for NVIC_Init
    usart3.o(.text) refers to stm32f4xx_dma.o(.text) for DMA_DeInit
    usart3.o(.text) refers to queue2.o(.text) for insert_queue2
    usart3.o(.text) refers to usart3.o(.bss) for ReceiveBuff_USART3
    usart3.o(.text) refers to queue2.o(.data) for myqueue2
    rtc.o(.text) refers to stm32f4xx_rtc.o(.text) for RTC_SetTime
    rtc.o(.text) refers to stm32f4xx_rcc.o(.text) for RCC_APB1PeriphClockCmd
    rtc.o(.text) refers to stm32f4xx_pwr.o(.text) for PWR_BackupAccessCmd
    rtc.o(.text) refers to delay.o(.text) for delay_ms
    malloc.o(.text) refers to malloc.o(.constdata) for memtblsize
    malloc.o(.text) refers to malloc.o(.data) for mallco_dev
[...]
    EXTI0_IRQHandler                         0x08000277   Thumb Code     0  startup_stm32f40_41xxx.o(.text)
    EXTI15_10_IRQHandler                     0x08000277   Thumb Code     0  startup_stm32f40_41xxx.o(.text)
    EXTI1_IRQHandler                         0x08000277   Thumb Code     0  startup_stm32f40_41xxx.o(.text)
    EXTI2_IRQHandler                         0x08000277   Thumb Code     0  startup_stm32f40_41xxx.o(.text)
    EXTI3_IRQHandler                         0x08000277   Thumb Code     0  startup_stm32f40_41xxx.o(.text)
    EXTI4_IRQHandler                         0x08000277   Thumb Code     0  startup_stm32f40_41xxx.o(.text)
    EXTI9_5_IRQHandler                       0x08000277   Thumb Code     0  startup_stm32f40_41xxx.o(.text)
    FLASH_IRQHandler                         0x08000277   Thumb Code     0  startup_stm32f40_41xxx.o(.text)
    FPU_IRQHandler                           0x08000277   Thumb Code     0  startup_stm32f40_41xxx.o(.text)
    FSMC_IRQHandler                          0x08000277   Thumb Code     0  startup_stm32f40_41xxx.o(.text)
    HASH_RNG_IRQHandler                      0x08000277   Thumb Code     0  startup_stm32f40_41xxx.o(.text)
    I2C1_ER_IRQHandler                       0x08000277   Thumb Code     0  startup_stm32f40_41xxx.o(.text)
    I2C1_EV_IRQHandler                       0x08000277   Thumb Code     0  startup_stm32f40_41xxx.o(.text)
    I2C2_ER_IRQHandler                       0x08000277   Thumb Code     0  startup_stm32f40_41xxx.o(.text)
    I2C2_EV_IRQHandler                       0x08000277   Thumb Code     0  startup_stm32f40_41xxx.o(.text)
    I2C3_ER_IRQHandler                       0x08000277   Thumb Code     0  startup_stm32f40_41xxx.o(.text)
    I2C3_EV_IRQHandler                       0x08000277   Thumb Code     0  startup_stm32f40_41xxx.o(.text)
    OTG_FS_IRQHandler                        0x08000277   Thumb Code     0  startup_stm32f40_41xxx.o(.text)
    OTG_FS_WKUP_IRQHandler                   0x08000277   Thumb Code     0  startup_stm32f40_41xxx.o(.text)
    OTG_HS_EP1_IN_IRQHandler                 0x08000277   Thumb Code     0  startup_stm32f40_41xxx.o(.text)
    OTG_HS_EP1_OUT_IRQHandler                0x08000277   Thumb Code     0  startup_stm32f40_41xxx.o(.text)
    OTG_HS_IRQHandler                        0x08000277   Thumb Code     0  startup_stm32f40_41xxx.o(.text)
    OTG_HS_WKUP_IRQHandler                   0x08000277   Thumb Code     0  startup_stm32f40_41xxx.o(.text)
    PVD_IRQHandler                           0x08000277   Thumb Code     0  startup_stm32f40_41xxx.o(.text)
    RCC_IRQHandler                           0x08000277   Thumb Code     0  startup_stm32f40_41xxx.o(.text)
    RTC_Alarm_IRQHandler                     0x08000277   Thumb Code     0  startup_stm32f40_41xxx.o(.text)
    RTC_WKUP_IRQHandler                      0x08000277   Thumb Code     0  startup_stm32f40_41xxx.o(.text)
    SPI1_IRQHandler                          0x08000277   Thumb Code     0  startup_stm32f40_41xxx.o(.text)
    SPI2_IRQHandler                          0x08000277   Thumb Code     0  startup_stm32f40_41xxx.o(.text)
    SPI3_IRQHandler                          0x08000277   Thumb Code     0  startup_stm32f40_41xxx.o(.text)
    TAMP_STAMP_IRQHandler                    0x08000277   Thumb Code     0  startup_stm32f40_41xxx.o(.text)
    TIM1_BRK_TIM9_IRQHandler                 0x08000277   Thumb Code     0  startup_stm32f40_41xxx.o(.text)
    TIM1_CC_IRQHandler                       0x08000277   Thumb Code     0  startup_stm32f40_41xxx.o(.text)
    TIM1_TRG_COM_TIM11_IRQHandler            0x08000277   Thumb Code     0  startup_stm32f40_41xxx.o(.text)
    TIM1_UP_TIM10_IRQHandler                 0x08000277   Thumb Code     0  startup_stm32f40_41xxx.o(.text)
    TIM2_IRQHandler                          0x08000277   Thumb Code     0  startup_stm32f40_41xxx.o(.text)
    TIM3_IRQHandler                          0x08000277   Thumb Code     0  startup_stm32f40_41xxx.o(.text)
    TIM4_IRQHandler                          0x08000277   Thumb Code     0  startup_stm32f40_41xxx.o(.text)
    TIM5_IRQHandler                          0x08000277   Thumb Code     0  startup_stm32f40_41xxx.o(.text)
    TIM6_DAC_IRQHandler                      0x08000277   Thumb Code     0  startup_stm32f40_41xxx.o(.text)
    TIM7_IRQHandler                          0x08000277   Thumb Code     0  startup_stm32f40_41xxx.o(.text)
    TIM8_BRK_TIM12_IRQHandler                0x08000277   Thumb Code     0  startup_stm32f40_41xxx.o(.text)
    TIM8_CC_IRQHandler                       0x08000277   Thumb Code     0  startup_stm32f40_41xxx.o(.text)
    TIM8_TRG_COM_TIM14_IRQHandler            0x08000277   Thumb Code     0  startup_stm32f40_41xxx.o(.text)
    TIM8_UP_TIM13_IRQHandler                 0x08000277   Thumb Code     0  startup_stm32f40_41xxx.o(.text)
    UART4_IRQHandler                         0x08000277   Thumb Code     0  startup_stm32f40_41xxx.o(.text)
    UART5_IRQHandler                         0x08000277   Thumb Code     0  startup_stm32f40_41xxx.o(.text)
    USART6_IRQHandler                        0x08000277   Thumb Code     0  startup_stm32f40_41xxx.o(.text)
    WWDG_IRQHandler                          0x08000277   Thumb Code     0  startup_stm32f40_41xxx.o(.text)
    __user_initial_stackheap                 0x08000279   Thumb Code     0  startup_stm32f40_41xxx.o(.text)
    NVIC_PriorityGroupConfig                 0x0800029d   Thumb Code    10  misc.o(.text)
    NVIC_Init                                0x080002a7   Thumb Code   106  misc.o(.text)
    NVIC_SetVectorTable                      0x08000311   Thumb Code    14  misc.o(.text)
    NVIC_SystemLPConfig                      0x0800031f   Thumb Code    34  misc.o(.text)
    SysTick_CLKSourceConfig                  0x08000341   Thumb Code    40  misc.o(.text)
    GPIO_DeInit                              0x0800037d   Thumb Code   268  stm32f4xx_gpio.o(.text)
    GPIO_Init                                0x08000489   Thumb Code   144  stm32f4xx_gpio.o(.text)
    GPIO_StructInit                          0x08000519   Thumb Code    18  stm32f4xx_gpio.o(.text)
    GPIO_PinLockConfig                       0x0800052b   Thumb Code    34  stm32f4xx_gpio.o(.text)
    GPIO_ReadInputDataBit                    0x0800054d   Thumb Code    18  stm32f4xx_gpio.o(.text)
    GPIO_ReadInputData                       0x0800055f   Thumb Code     8  stm32f4xx_gpio.o(.text)
    GPIO_ReadOutputDataBit                   0x08000567   Thumb Code    18  stm32f4xx_gpio.o(.text)
    GPIO_ReadOutputData                      0x08000579   Thumb Code     8  stm32f4xx_gpio.o(.text)
    GPIO_SetBits                             0x08000581   Thumb Code     4  stm32f4xx_gpio.o(.text)
    GPIO_ResetBits                           0x08000585   Thumb Code     4  stm32f4xx_gpio.o(.text)
    GPIO_WriteBit                            0x08000589   Thumb Code    10  stm32f4xx_gpio.o(.text)
    GPIO_Write                               0x08000593   Thumb Code     4  stm32f4xx_gpio.o(.text)
    GPIO_ToggleBits                          0x08000597   Thumb Code     8  stm32f4xx_gpio.o(.text)
    GPIO_PinAFConfig                         0x0800059f   Thumb Code    70  stm32f4xx_gpio.o(.text)
    RCC_DeInit                               0x08000611   Thumb Code    82  stm32f4xx_rcc.o(.text)
    RCC_HSEConfig                            0x08000663   Thumb Code    14  stm32f4xx_rcc.o(.text)
    RCC_GetFlagStatus                        0x08000671   Thumb Code    60  stm32f4xx_rcc.o(.text)
    RCC_WaitForHSEStartUp                    0x080006ad   Thumb Code    56  stm32f4xx_rcc.o(.text)
    RCC_AdjustHSICalibrationValue            0x080006e5   Thumb Code    20  stm32f4xx_rcc.o(.text)
    RCC_HSICmd                               0x080006f9   Thumb Code     6  stm32f4xx_rcc.o(.text)
    RCC_LSEConfig                            0x080006ff   Thumb Code    46  stm32f4xx_rcc.o(.text)
    RCC_LSICmd                               0x0800072d   Thumb Code     6  stm32f4xx_rcc.o(.text)
    RCC_PLLConfig                            0x08000733   Thumb Code    32  stm32f4xx_rcc.o(.text)
    RCC_PLLCmd                               0x08000753   Thumb Code     6  stm32f4xx_rcc.o(.text)
    RCC_PLLI2SConfig                         0x08000759   Thumb Code    14  stm32f4xx_rcc.o(.text)
    RCC_PLLI2SCmd                            0x08000767   Thumb Code     6  stm32f4xx_rcc.o(.text)
    RCC_PLLSAIConfig                         0x0800076d   Thumb Code    20  stm32f4xx_rcc.o(.text)
    RCC_PLLSAICmd                            0x08000781   Thumb Code     6  stm32f4xx_rcc.o(.text)
    RCC_ClockSecuritySystemCmd               0x08000787   Thumb Code     6  stm32f4xx_rcc.o(.text)
    RCC_MCO1Config                           0x0800078d   Thumb Code    28  stm32f4xx_rcc.o(.text)
    RCC_MCO2Config                           0x080007a9   Thumb Code    28  stm32f4xx_rcc.o(.text)
    RCC_SYSCLKConfig                         0x080007c5   Thumb Code    20  stm32f4xx_rcc.o(.text)
    RCC_GetSYSCLKSource                      0x080007d9   Thumb Code    12  stm32f4xx_rcc.o(.text)
    RCC_HCLKConfig                           0x080007e5   Thumb Code    20  stm32f4xx_rcc.o(.text)
    RCC_PCLK1Config                          0x080007f9   Thumb Code    20  stm32f4xx_rcc.o(.text)
    RCC_PCLK2Config                          0x0800080d   Thumb Code    22  stm32f4xx_rcc.o(.text)
    RCC_GetClocksFreq                        0x08000823   Thumb Code   222  stm32f4xx_rcc.o(.text)
    RCC_RTCCLKConfig                         0x08000901   Thumb Code    54  stm32f4xx_rcc.o(.text)
    RCC_RTCCLKCmd                            0x08000937   Thumb Code     8  stm32f4xx_rcc.o(.text)
    RCC_BackupResetCmd                       0x0800093f   Thumb Code     8  stm32f4xx_rcc.o(.text)
    RCC_I2SCLKConfig                         0x08000947   Thumb Code     6  stm32f4xx_rcc.o(.text)
    RCC_SAIPLLI2SClkDivConfig                0x0800094d   Thumb Code    26  stm32f4xx_rcc.o(.text)
    RCC_SAIPLLSAIClkDivConfig                0x08000967   Thumb Code    28  stm32f4xx_rcc.o(.text)
    RCC_SAIBlockACLKConfig                   0x08000983   Thumb Code    20  stm32f4xx_rcc.o(.text)
    RCC_SAIBlockBCLKConfig                   0x08000997   Thumb Code    20  stm32f4xx_rcc.o(.text)
    RCC_LTDCCLKDivConfig                     0x080009ab   Thumb Code    20  stm32f4xx_rcc.o(.text)
    RCC_TIMCLKPresConfig                     0x080009bf   Thumb Code     6  stm32f4xx_rcc.o(.text)
    RCC_AHB1PeriphClockCmd                   0x080009c5   Thumb Code    34  stm32f4xx_rcc.o(.text)
    RCC_AHB2PeriphClockCmd                   0x080009e7   Thumb Code    78  stm32f4xx_rcc.o(.text)
    RCC_AHB3PeriphClockCmd                   0x08000a35   Thumb Code    34  stm32f4xx_rcc.o(.text)
    RCC_APB1PeriphClockCmd                   0x08000a57   Thumb Code    34  stm32f4xx_rcc.o(.text)
    RCC_APB2PeriphClockCmd                   0x08000a79   Thumb Code    34  stm32f4xx_rcc.o(.text)
    RCC_AHB1PeriphResetCmd                   0x08000a9b   Thumb Code    34  stm32f4xx_rcc.o(.text)
    RCC_AHB2PeriphResetCmd                   0x08000abd   Thumb Code    34  stm32f4xx_rcc.o(.text)
    RCC_AHB3PeriphResetCmd                   0x08000adf   Thumb Code    34  stm32f4xx_rcc.o(.text)
    RCC_APB1PeriphResetCmd                   0x08000b01   Thumb Code    34  stm32f4xx_rcc.o(.text)
    RCC_APB2PeriphResetCmd                   0x08000b23   Thumb Code    34  stm32f4xx_rcc.o(.text)
    RCC_AHB1PeriphClockLPModeCmd             0x08000b45   Thumb Code    34  stm32f4xx_rcc.o(.text)
    RCC_AHB2PeriphClockLPModeCmd             0x08000b67   Thumb Code    34  stm32f4xx_rcc.o(.text)
    RCC_AHB3PeriphClockLPModeCmd             0x08000b89   Thumb Code    34  stm32f4xx_rcc.o(.text)
    RCC_APB1PeriphClockLPModeCmd             0x08000bab   Thumb Code    34  stm32f4xx_rcc.o(.text)
    RCC_APB2PeriphClockLPModeCmd             0x08000bcd   Thumb Code    34  stm32f4xx_rcc.o(.text)
    RCC_LSEModeConfig                        0x08000bef   Thumb Code    40  stm32f4xx_rcc.o(.text)
    RCC_ITConfig                             0x08000c17   Thumb Code    34  stm32f4xx_rcc.o(.text)
    RCC_ClearFlag                            0x08000c39   Thumb Code    18  stm32f4xx_rcc.o(.text)
    RCC_GetITStatus                          0x08000c4b   Thumb Code    22  stm32f4xx_rcc.o(.text)
    RCC_ClearITPendingBit                    0x08000c61   Thumb Code     8  stm32f4xx_rcc.o(.text)
    USART_DeInit                             0x08000c6d   Thumb Code   206  stm32f4xx_usart.o(.text)
    USART_Init                               0x08000d3b   Thumb Code   204  stm32f4xx_usart.o(.text)
    USART_StructInit                         0x08000e07   Thumb Code    24  stm32f4xx_usart.o(.text)
    USART_ClockInit                          0x08000e1f   Thumb Code    32  stm32f4xx_usart.o(.text)
    USART_ClockStructInit                    0x08000e3f   Thumb Code    12  stm32f4xx_usart.o(.text)
    USART_Cmd                                0x08000e4b   Thumb Code    24  stm32f4xx_usart.o(.text)
    USART_SetPrescaler                       0x08000e63   Thumb Code    16  stm32f4xx_usart.o(.text)
    USART_OverSampling8Cmd                   0x08000e73   Thumb Code    22  stm32f4xx_usart.o(.text)
    USART_OneBitMethodCmd                    0x08000e89   Thumb Code    24  stm32f4xx_usart.o(.text)
    USART_SendData                           0x08000ea1   Thumb Code     8  stm32f4xx_usart.o(.text)
    USART_ReceiveData                        0x08000ea9   Thumb Code    10  stm32f4xx_usart.o(.text)
    USART_SetAddress                         0x08000eb3   Thumb Code    18  stm32f4xx_usart.o(.text)
    USART_ReceiverWakeUpCmd                  0x08000ec5   Thumb Code    24  stm32f4xx_usart.o(.text)
    USART_WakeUpConfig                       0x08000edd   Thumb Code    18  stm32f4xx_usart.o(.text)
    USART_LINBreakDetectLengthConfig         0x08000eef   Thumb Code    18  stm32f4xx_usart.o(.text)
    USART_LINCmd                             0x08000f01   Thumb Code    24  stm32f4xx_usart.o(.text)
    USART_SendBreak                          0x08000f19   Thumb Code    10  stm32f4xx_usart.o(.text)
    USART_HalfDuplexCmd                      0x08000f23   Thumb Code    24  stm32f4xx_usart.o(.text)
    USART_SetGuardTime                       0x08000f3b   Thumb Code    16  stm32f4xx_usart.o(.text)
    USART_SmartCardCmd                       0x08000f4b   Thumb Code    24  stm32f4xx_usart.o(.text)
    USART_SmartCardNACKCmd                   0x08000f63   Thumb Code    24  stm32f4xx_usart.o(.text)
    USART_IrDAConfig                         0x08000f7b   Thumb Code    18  stm32f4xx_usart.o(.text)
    USART_IrDACmd                            0x08000f8d   Thumb Code    24  stm32f4xx_usart.o(.text)
    USART_DMACmd                             0x08000fa5   Thumb Code    18  stm32f4xx_usart.o(.text)
    USART_ITConfig                           0x08000fb7   Thumb Code    74  stm32f4xx_usart.o(.text)
    USART_GetFlagStatus                      0x08001001   Thumb Code    26  stm32f4xx_usart.o(.text)
    USART_ClearFlag                          0x0800101b   Thumb Code    18  stm32f4xx_usart.o(.text)
    USART_GetITStatus                        0x0800102d   Thumb Code   118  stm32f4xx_usart.o(.text)
    USART_ClearITPendingBit                  0x080010a3   Thumb Code    30  stm32f4xx_usart.o(.text)
    CAN_DeInit                               0x080010c1   Thumb Code    50  stm32f4xx_can.o(.text)
    CAN_Init                                 0x080010f3   Thumb Code   276  stm32f4xx_can.o(.text)
    CAN_FilterInit                           0x08001207   Thumb Code   258  stm32f4xx_can.o(.text)
    CAN_StructInit                           0x08001309   Thumb Code    32  stm32f4xx_can.o(.text)
    CAN_SlaveStartBank                       0x08001329   Thumb Code    48  stm32f4xx_can.o(.text)
    CAN_DBGFreeze                            0x08001359   Thumb Code    22  stm32f4xx_can.o(.text)
    CAN_TTComModeCmd                         0x0800136f   Thumb Code   118  stm32f4xx_can.o(.text)
    CAN_Transmit                             0x080013e5   Thumb Code   304  stm32f4xx_can.o(.text)
    CAN_TransmitStatus                       0x08001515   Thumb Code   138  stm32f4xx_can.o(.text)
    CAN_CancelTransmit                       0x0800159f   Thumb Code    48  stm32f4xx_can.o(.text)
    CAN_Receive                              0x080015cf   Thumb Code   240  stm32f4xx_can.o(.text)
    CAN_FIFORelease                          0x080016bf   Thumb Code    22  stm32f4xx_can.o(.text)
    CAN_MessagePending                       0x080016d5   Thumb Code    30  stm32f4xx_can.o(.text)
    CAN_OperatingModeRequest                 0x080016f3   Thumb Code   162  stm32f4xx_can.o(.text)
    CAN_Sleep                                0x08001795   Thumb Code    30  stm32f4xx_can.o(.text)
    CAN_WakeUp                               0x080017b3   Thumb Code    48  stm32f4xx_can.o(.text)
    CAN_GetLastErrorCode                     0x080017e3   Thumb Code    12  stm32f4xx_can.o(.text)
    CAN_GetReceiveErrorCounter               0x080017ef   Thumb Code    10  stm32f4xx_can.o(.text)
    CAN_GetLSBTransmitErrorCounter           0x080017f9   Thumb Code    12  stm32f4xx_can.o(.text)
    CAN_ITConfig                             0x08001805   Thumb Code    18  stm32f4xx_can.o(.text)
    CAN_GetFlagStatus                        0x08001817   Thumb Code   120  stm32f4xx_can.o(.text)
    CAN_ClearFlag                            0x0800188f   Thumb Code    52  stm32f4xx_can.o(.text)
    CAN_GetITStatus                          0x080018d5   Thumb Code   310  stm32f4xx_can.o(.text)
    CAN_ClearITPendingBit                    0x08001a0b   Thumb Code   162  stm32f4xx_can.o(.text)
    DMA_DeInit                               0x08001ab1   Thumb Code   324  stm32f4xx_dma.o(.text)
    DMA_Init                                 0x08001bf5   Thumb Code    82  stm32f4xx_dma.o(.text)
    DMA_StructInit                           0x08001c47   Thumb Code    34  stm32f4xx_dma.o(.text)
    DMA_Cmd                                  0x08001c69   Thumb Code    22  stm32f4xx_dma.o(.text)
    DMA_PeriphIncOffsetSizeConfig            0x08001c7f   Thumb Code    22  stm32f4xx_dma.o(.text)
    DMA_FlowControllerConfig                 0x08001c95   Thumb Code    22  stm32f4xx_dma.o(.text)
    DMA_SetCurrDataCounter                   0x08001cab   Thumb Code     4  stm32f4xx_dma.o(.text)
    DMA_GetCurrDataCounter                   0x08001caf   Thumb Code     8  stm32f4xx_dma.o(.text)
    DMA_DoubleBufferModeConfig               0x08001cb7   Thumb Code    24  stm32f4xx_dma.o(.text)
    DMA_DoubleBufferModeCmd                  0x08001ccf   Thumb Code    22  stm32f4xx_dma.o(.text)
    DMA_MemoryTargetConfig                   0x08001ce5   Thumb Code    10  stm32f4xx_dma.o(.text)
    DMA_GetCurrentMemoryTarget               0x08001cef   Thumb Code    20  stm32f4xx_dma.o(.text)
    DMA_GetCmdStatus                         0x08001d03   Thumb Code    20  stm32f4xx_dma.o(.text)
    DMA_GetFIFOStatus                        0x08001d17   Thumb Code    12  stm32f4xx_dma.o(.text)
    DMA_GetFlagStatus                        0x08001d23   Thumb Code    56  stm32f4xx_dma.o(.text)
    DMA_ClearFlag                            0x08001d5b   Thumb Code    40  stm32f4xx_dma.o(.text)
    DMA_ITConfig                             0x08001d83   Thumb Code    58  stm32f4xx_dma.o(.text)
    DMA_GetITStatus                          0x08001dbd   Thumb Code    84  stm32f4xx_dma.o(.text)
    DMA_ClearITPendingBit                    0x08001e11   Thumb Code    40  stm32f4xx_dma.o(.text)
    SDIO_DeInit                              0x08001e59   Thumb Code    22  stm32f4xx_sdio.o(.text)
    SDIO_Init                                0x08001e6f   Thumb Code    42  stm32f4xx_sdio.o(.text)
    SDIO_StructInit                          0x08001e99   Thumb Code    16  stm32f4xx_sdio.o(.text)
    SDIO_ClockCmd                            0x08001ea9   Thumb Code     6  stm32f4xx_sdio.o(.text)
    SDIO_SetPowerState                       0x08001eaf   Thumb Code     8  stm32f4xx_sdio.o(.text)
    SDIO_GetPowerState                       0x08001eb7   Thumb Code    12  stm32f4xx_sdio.o(.text)
    SDIO_SendCommand                         0x08001ec3   Thumb Code    42  stm32f4xx_sdio.o(.text)
    SDIO_CmdStructInit                       0x08001eed   Thumb Code    14  stm32f4xx_sdio.o(.text)
    SDIO_GetCommandResponse                  0x08001efb   Thumb Code    10  stm32f4xx_sdio.o(.text)
    SDIO_GetResponse                         0x08001f05   Thumb Code    22  stm32f4xx_sdio.o(.text)
    SDIO_DataConfig                          0x08001f1b   Thumb Code    48  stm32f4xx_sdio.o(.text)
    SDIO_DataStructInit                      0x08001f4b   Thumb Code    20  stm32f4xx_sdio.o(.text)
    SDIO_GetDataCounter                      0x08001f5f   Thumb Code     8  stm32f4xx_sdio.o(.text)
    SDIO_ReadData                            0x08001f67   Thumb Code     8  stm32f4xx_sdio.o(.text)
    SDIO_WriteData                           0x08001f6f   Thumb Code     8  stm32f4xx_sdio.o(.text)
    SDIO_GetFIFOCount                        0x08001f77   Thumb Code     8  stm32f4xx_sdio.o(.text)
    SDIO_StartSDIOReadWait                   0x08001f7f   Thumb Code     6  stm32f4xx_sdio.o(.text)
    SDIO_StopSDIOReadWait                    0x08001f85   Thumb Code     8  stm32f4xx_sdio.o(.text)
    SDIO_SetSDIOReadWaitMode                 0x08001f8d   Thumb Code     8  stm32f4xx_sdio.o(.text)
    SDIO_SetSDIOOperation                    0x08001f95   Thumb Code     8  stm32f4xx_sdio.o(.text)
    SDIO_SendSDIOSuspendCmd                  0x08001f9d   Thumb Code     6  stm32f4xx_sdio.o(.text)
    SDIO_CommandCompletionCmd                0x08001fa3   Thumb Code     8  stm32f4xx_sdio.o(.text)
    SDIO_CEATAITCmd                          0x08001fab   Thumb Code    12  stm32f4xx_sdio.o(.text)
    SDIO_SendCEATACmd                        0x08001fb7   Thumb Code     8  stm32f4xx_sdio.o(.text)
    SDIO_DMACmd                              0x08001fbf   Thumb Code     8  stm32f4xx_sdio.o(.text)
    SDIO_ITConfig                            0x08001fc7   Thumb Code    34  stm32f4xx_sdio.o(.text)
    SDIO_GetFlagStatus                       0x08001fe9   Thumb Code    22  stm32f4xx_sdio.o(.text)
    SDIO_ClearFlag                           0x08001fff   Thumb Code     8  stm32f4xx_sdio.o(.text)
    SDIO_GetITStatus                         0x08002007   Thumb Code    22  stm32f4xx_sdio.o(.text)
    SDIO_ClearITPendingBit                   0x0800201d   Thumb Code     8  stm32f4xx_sdio.o(.text)
    RTC_WaitForSynchro                       0x08002035   Thumb Code    92  stm32f4xx_rtc.o(.text)
    RTC_EnterInitMode                        0x08002091   Thumb Code    84  stm32f4xx_rtc.o(.text)
    RTC_DeInit                               0x080020e5   Thumb Code   204  stm32f4xx_rtc.o(.text)
    RTC_ExitInitMode                         0x080021b1   Thumb Code    18  stm32f4xx_rtc.o(.text)
    RTC_Init                                 0x080021c3   Thumb Code    94  stm32f4xx_rtc.o(.text)
    RTC_StructInit                           0x08002221   Thumb Code    14  stm32f4xx_rtc.o(.text)
    RTC_WriteProtectionCmd                   0x0800222f   Thumb Code    22  stm32f4xx_rtc.o(.text)
    RTC_RefClockCmd                          0x08002245   Thumb Code    76  stm32f4xx_rtc.o(.text)
    RTC_BypassShadowCmd                      0x08002291   Thumb Code    54  stm32f4xx_rtc.o(.text)
    RTC_SetTime                              0x080022f9   Thumb Code   200  stm32f4xx_rtc.o(.text)
    RTC_TimeStructInit                       0x080023c1   Thumb Code    12  stm32f4xx_rtc.o(.text)
    RTC_GetTime                              0x080023cd   Thumb Code    74  stm32f4xx_rtc.o(.text)
    RTC_GetSubSecond                         0x08002417   Thumb Code    30  stm32f4xx_rtc.o(.text)
    RTC_SetDate                              0x08002435   Thumb Code   190  stm32f4xx_rtc.o(.text)
    RTC_DateStructInit                       0x080024f3   Thumb Code    14  stm32f4xx_rtc.o(.text)
    RTC_GetDate                              0x08002501   Thumb Code    70  stm32f4xx_rtc.o(.text)
    RTC_SetAlarm                             0x08002547   Thumb Code   230  stm32f4xx_rtc.o(.text)
    RTC_AlarmStructInit                      0x0800262d   Thumb Code    22  stm32f4xx_rtc.o(.text)
    RTC_GetAlarm                             0x08002643   Thumb Code   114  stm32f4xx_rtc.o(.text)
    RTC_AlarmCmd                             0x080026b5   Thumb Code   112  stm32f4xx_rtc.o(.text)
    RTC_AlarmSubSecondConfig                 0x08002725   Thumb Code    46  stm32f4xx_rtc.o(.text)
    RTC_GetAlarmSubSecond                    0x08002753   Thumb Code    34  stm32f4xx_rtc.o(.text)
    RTC_WakeUpClockConfig                    0x08002775   Thumb Code    42  stm32f4xx_rtc.o(.text)
    RTC_SetWakeUpCounter                     0x0800279f   Thumb Code    22  stm32f4xx_rtc.o(.text)
    RTC_GetWakeUpCounter                     0x080027b5   Thumb Code    10  stm32f4xx_rtc.o(.text)
    RTC_WakeUpCmd                            0x080027bf   Thumb Code   116  stm32f4xx_rtc.o(.text)
    RTC_DayLightSavingConfig                 0x08002833   Thumb Code    50  stm32f4xx_rtc.o(.text)
    RTC_GetStoreOperation                    0x08002865   Thumb Code    12  stm32f4xx_rtc.o(.text)
    RTC_OutputConfig                         0x08002871   Thumb Code    60  stm32f4xx_rtc.o(.text)
    RTC_CoarseCalibConfig                    0x080028ad   Thumb Code    52  stm32f4xx_rtc.o(.text)
    RTC_CoarseCalibCmd                       0x080028e1   Thumb Code    76  stm32f4xx_rtc.o(.text)
    RTC_CalibOutputCmd                       0x0800292d   Thumb Code    54  stm32f4xx_rtc.o(.text)
    RTC_CalibOutputConfig                    0x08002963   Thumb Code    42  stm32f4xx_rtc.o(.text)
    RTC_SmoothCalibConfig                    0x0800298d   Thumb Code    90  stm32f4xx_rtc.o(.text)
    RTC_TimeStampCmd                         0x080029e7   Thumb Code    54  stm32f4xx_rtc.o(.text)
    RTC_GetTimeStamp                         0x08002a1d   Thumb Code   144  stm32f4xx_rtc.o(.text)
    RTC_GetTimeStampSubSecond                0x08002aad   Thumb Code     8  stm32f4xx_rtc.o(.text)
    RTC_TamperTriggerConfig                  0x08002ab5   Thumb Code    38  stm32f4xx_rtc.o(.text)
    RTC_TamperCmd                            0x08002adb   Thumb Code    34  stm32f4xx_rtc.o(.text)
    RTC_TamperFilterConfig                   0x08002afd   Thumb Code    26  stm32f4xx_rtc.o(.text)
    RTC_TamperSamplingFreqConfig             0x08002b17   Thumb Code    26  stm32f4xx_rtc.o(.text)
    RTC_TamperPinsPrechargeDuration          0x08002b31   Thumb Code    26  stm32f4xx_rtc.o(.text)
    RTC_TimeStampOnTamperDetectionCmd        0x08002b4b   Thumb Code    38  stm32f4xx_rtc.o(.text)
    RTC_TamperPullUpCmd                      0x08002b71   Thumb Code    38  stm32f4xx_rtc.o(.text)
    RTC_WriteBackupRegister                  0x08002b97   Thumb Code    26  stm32f4xx_rtc.o(.text)
    RTC_ReadBackupRegister                   0x08002bb1   Thumb Code    28  stm32f4xx_rtc.o(.text)
    RTC_TamperPinSelection                   0x08002bcd   Thumb Code    26  stm32f4xx_rtc.o(.text)
    RTC_TimeStampPinSelection                0x08002be7   Thumb Code    26  stm32f4xx_rtc.o(.text)
    RTC_OutputTypeConfig                     0x08002c01   Thumb Code    26  stm32f4xx_rtc.o(.text)
    RTC_SynchroShiftConfig                   0x08002c1b   Thumb Code   130  stm32f4xx_rtc.o(.text)
    RTC_ITConfig                             0x08002c9d   Thumb Code    94  stm32f4xx_rtc.o(.text)
    RTC_GetFlagStatus                        0x08002cfb   Thumb Code    34  stm32f4xx_rtc.o(.text)
    RTC_ClearFlag                            0x08002d1d   Thumb Code    28  stm32f4xx_rtc.o(.text)
    RTC_GetITStatus                          0x08002d39   Thumb Code    60  stm32f4xx_rtc.o(.text)
    RTC_ClearITPendingBit                    0x08002d75   Thumb Code    32  stm32f4xx_rtc.o(.text)
    PWR_DeInit                               0x08002d9d   Thumb Code    22  stm32f4xx_pwr.o(.text)
    PWR_BackupAccessCmd                      0x08002db3   Thumb Code     6  stm32f4xx_pwr.o(.text)
    PWR_PVDLevelConfig                       0x08002db9   Thumb Code    18  stm32f4xx_pwr.o(.text)
    PWR_PVDCmd                               0x08002dcb   Thumb Code     6  stm32f4xx_pwr.o(.text)
    PWR_WakeUpPinCmd                         0x08002dd1   Thumb Code     8  stm32f4xx_pwr.o(.text)
    PWR_BackupRegulatorCmd                   0x08002dd9   Thumb Code     8  stm32f4xx_pwr.o(.text)
    PWR_MainRegulatorModeConfig              0x08002de1   Thumb Code    18  stm32f4xx_pwr.o(.text)
    PWR_OverDriveCmd                         0x08002df3   Thumb Code     6  stm32f4xx_pwr.o(.text)
    PWR_OverDriveSWCmd                       0x08002df9   Thumb Code     6  stm32f4xx_pwr.o(.text)
    PWR_UnderDriveCmd                        0x08002dff   Thumb Code    30  stm32f4xx_pwr.o(.text)
    PWR_MainRegulatorLowVoltageCmd           0x08002e1d   Thumb Code    18  stm32f4xx_pwr.o(.text)
    PWR_LowRegulatorLowVoltageCmd            0x08002e2f   Thumb Code    18  stm32f4xx_pwr.o(.text)
    PWR_FlashPowerDownCmd                    0x08002e41   Thumb Code     6  stm32f4xx_pwr.o(.text)
    PWR_EnterSTOPMode                        0x08002e47   Thumb Code    58  stm32f4xx_pwr.o(.text)
    PWR_EnterUnderDriveSTOPMode              0x08002e81   Thumb Code    58  stm32f4xx_pwr.o(.text)
    PWR_EnterSTANDBYMode                     0x08002ebb   Thumb Code    32  stm32f4xx_pwr.o(.text)
    PWR_GetFlagStatus                        0x08002edb   Thumb Code    20  stm32f4xx_pwr.o(.text)
    PWR_ClearFlag                            0x08002eef   Thumb Code    14  stm32f4xx_pwr.o(.text)
    CAN1_RX0_IRQHandler                      0x08002f09   Thumb Code    58  exit.o(.text)
    delay_init                               0x08002f4d   Thumb Code    52  delay.o(.text)
    delay_us                                 0x08002f81   Thumb Code    72  delay.o(.text)
    delay_xms                                0x08002fc9   Thumb Code    72  delay.o(.text)
    delay_ms                                 0x08003011   Thumb Code    56  delay.o(.text)
    _sys_exit                                0x08003051   Thumb Code     4  usart.o(.text)
    fputc                                    0x08003055   Thumb Code    22  usart.o(.text)
    uart_init                                0x0800306b   Thumb Code   164  usart.o(.text)
    USART1_IRQHandler                        0x0800310f   Thumb Code   122  usart.o(.text)
    USART2_Init                              0x08003199   Thumb Code   462  usart2.o(.text)
    USART2_Send_Data                         0x08003367   Thumb Code    52  usart2.o(.text)
    DMA1_Stream6_IRQHandler                  0x0800339b   Thumb Code    48  usart2.o(.text)
    USART2_IRQHandler                        0x080033cb   Thumb Code    70  usart2.o(.text)
    USART3_Init                              0x0800342d   Thumb Code   342  usart3.o(.text)
    USART3_IRQHandler                        0x08003583   Thumb Code   102  usart3.o(.text)
    USART3_Send_Data                         0x080035e9   Thumb Code    56  usart3.o(.text)
    RTC_Set_Time                             0x08003639   Thumb Code    36  rtc.o(.text)
    RTC_Set_Date                             0x0800365d   Thumb Code    36  rtc.o(.text)
    My_RTC_Init                              0x08003681   Thumb Code   138  rtc.o(.text)
    mymemcpy                                 0x0800370d   Thumb Code    26  malloc.o(.text)
    mymemset                                 0x08003727   Thumb Code    20  malloc.o(.text)
    my_mem_init                              0x0800373b   Thumb Code    54  malloc.o(.text)
    my_mem_perused                           0x08003771   Thumb Code    54  malloc.o(.text)
    my_mem_malloc                            0x080037a7   Thumb Code   154  malloc.o(.text)
    my_mem_free                              0x08003841   Thumb Code    94  malloc.o(.text)
    myfree                                   0x0800389f   Thumb Code    32  malloc.o(.text)
    mymalloc                                 0x080038bf   Thumb Code    36  malloc.o(.text)
    myrealloc                                0x080038e3   Thumb Code    68  malloc.o(.text)
    create_queue                             0x08003939   Thumb Code    22  queue.o(.text)
    queue_Init                               0x0800394f   Thumb Code    18  queue.o(.text)
    delete_queue                             0x08003961   Thumb Code    40  queue.o(.text)
    insert_queue                             0x08003989   Thumb Code    68  queue.o(.text)
    get_queue_length                         0x080039cd   Thumb Code    26  queue.o(.text)
    queue_print                              0x080039e7   Thumb Code    94  queue.o(.text)
    create_queue2                            0x08003a7d   Thumb Code    22  queue2.o(.text)
    queue2_Init                              0x08003a93   Thumb Code    12  queue2.o(.text)
    delete_queue2                            0x08003a9f   Thumb Code    40  queue2.o(.text)
    insert_queue2                            0x08003ac7   Thumb Code    68  queue2.o(.text)
    get_queue2_length                        0x08003b0b   Thumb Code    26  queue2.o(.text)
    queue2_print                             0x08003b25   Thumb Code    60  queue2.o(.text)
    disk_initialize                          0x08003b99   Thumb Code    32  diskio.o(.text)
    disk_status                              0x08003bb9   Thumb Code     6  diskio.o(.text)
    disk_read                                0x08003bbf   Thumb Code    86  diskio.o(.text)
    disk_write                               0x08003c15   Thumb Code    86  diskio.o(.text)
    disk_ioctl                               0x08003c6b   Thumb Code   102  diskio.o(.text)
    get_fattime                              0x08003cd1   Thumb Code     4  diskio.o(.text)
    clust2sect                               0x08003e87   Thumb Code    26  ff.o(.text)
    get_fat                                  0x08003ea1   Thumb Code   232  ff.o(.text)
    put_fat                                  0x08003f89   Thumb Code   310  ff.o(.text)
    dir_sdi                                  0x08004233   Thumb Code   158  ff.o(.text)
    f_mount                                  0x080052a5   Thumb Code    86  ff.o(.text)
    f_open                                   0x080052fb   Thumb Code   360  ff.o(.text)
    f_read                                   0x08005463   Thumb Code   454  ff.o(.text)
    f_write                                  0x08005629   Thumb Code   490  ff.o(.text)
    f_sync                                   0x08005813   Thumb Code   176  ff.o(.text)
    f_close                                  0x080058c3   Thumb Code    36  ff.o(.text)
    f_lseek                                  0x080058e7   Thumb Code   654  ff.o(.text)
    f_opendir                                0x08005b75   Thumb Code   114  ff.o(.text)
    f_closedir                               0x08005be7   Thumb Code    22  ff.o(.text)
    f_readdir                                0x08005bfd   Thumb Code    92  ff.o(.text)
    f_stat                                   0x08005c59   Thumb Code    64  ff.o(.text)
    f_getfree                                0x08005c99   Thumb Code   258  ff.o(.text)
    f_truncate                               0x08005d9b   Thumb Code   184  ff.o(.text)
    f_unlink                                 0x08005e53   Thumb Code   174  ff.o(.text)
    f_mkdir                                  0x08005f01   Thumb Code   360  ff.o(.text)
    f_chmod                                  0x08006069   Thumb Code    88  ff.o(.text)
    f_utime                                  0x080060c1   Thumb Code    90  ff.o(.text)
    f_rename                                 0x0800611b   Thumb Code   288  ff.o(.text)
    f_getlabel                               0x0800623b   Thumb Code   190  ff.o(.text)
    f_setlabel                               0x080062f9   Thumb Code   492  ff.o(.text)
    f_mkfs                                   0x080064e5   Thumb Code  1594  ff.o(.text)
    f_gets                                   0x08006b1f   Thumb Code    82  ff.o(.text)
    f_putc                                   0x08006bb5   Thumb Code    64  ff.o(.text)
    f_puts                                   0x08006bf5   Thumb Code    74  ff.o(.text)
    f_printf                                 0x08006c3f   Thumb Code   632  ff.o(.text)
    ff_convert                               0x08006eb9   Thumb Code   116  cc936.o(.text)
    ff_wtoupper                              0x08006f2d   Thumb Code    46  cc936.o(.text)
    CAN1_Mode_Init                           0x08006f6d   Thumb Code   244  can.o(.text)
    CAN1_Send_Msg                            0x08007061   Thumb Code   104  can.o(.text)
    CAN1_Receive_Msg                         0x080070c9   Thumb Code    60  can.o(.text)
    CANdevice_sendmsg_force                  0x0800710d   Thumb Code    60  candevice.o(.text)
    enable_TPDO                              0x08007149   Thumb Code    90  candevice.o(.text)
    set_lapsetime_TPDO                       0x080071a3   Thumb Code   112  candevice.o(.text)
    read_lapsetime_TPDO                      0x08007213   Thumb Code    88  candevice.o(.text)
    event_TPDO                               0x0800726b   Thumb Code   100  candevice.o(.text)
    Set_3402_AOoutput_type                   0x080072d5   Thumb Code    90  candevice3402.o(.text)
    Init_3402                                0x0800732f   Thumb Code    66  candevice3402.o(.text)
    Set_3402_Analogoutput                    0x08007371   Thumb Code    90  candevice3402.o(.text)
    Set_4055_SaftyOutput_Ena                 0x080073d1   Thumb Code    90  candevice4055.o(.text)
    Init_4055                                0x0800742b   Thumb Code    24  candevice4055.o(.text)
    Set_4055_Switchoutput                    0x08007443   Thumb Code    52  candevice4055.o(.text)
    Set_5801_Excessive_Time                  0x0800747d   Thumb Code    90  candevice5801.o(.text)
    Set_5801_Filter_Time                     0x080074d7   Thumb Code    90  candevice5801.o(.text)
    Set_5801_Frequency_Type                  0x08007531   Thumb Code    90  candevice5801.o(.text)
    Init_5801                                0x0800758b   Thumb Code   310  candevice5801.o(.text)
    rec_5801_Frequency_Value                 0x080076c1   Thumb Code   384  candevice5801.o(.text)
    rec_5801_Count_Value                     0x08007841   Thumb Code   366  candevice5801.o(.text)
    Set_5801_ClearCount                      0x080079af   Thumb Code    96  candevice5801.o(.text)
    Set_7017_AiNumberOfFilters               0x08007a15   Thumb Code    90  candevice7017.o(.text)
    Set_7017_AiDataType                      0x08007a6f   Thumb Code    90  candevice7017.o(.text)
    Set_7017_AiEnable                        0x08007ac9   Thumb Code    90  candevice7017.o(.text)
    Set_7017_AiType                          0x08007b23   Thumb Code    90  candevice7017.o(.text)
    Init_7017                                0x08007b7d   Thumb Code   106  candevice7017.o(.text)
    rec_7017_AiValue                         0x08007be7   Thumb Code   216  candevice7017.o(.text)
    SDIO_Register_Deinit                     0x08007ccd   Thumb Code    48  sdio_sdcard.o(.text)
    SD_SetDeviceMode                         0x08007cfd   Thumb Code    20  sdio_sdcard.o(.text)
    SDIO_Clock_Set                           0x08007d11   Thumb Code    18  sdio_sdcard.o(.text)
    CmdResp1Error                            0x08007d23   Thumb Code    96  sdio_sdcard.o(.text)
    FindSCR                                  0x08007d83   Thumb Code   390  sdio_sdcard.o(.text)
    SDEnWideBus                              0x08007f09   Thumb Code   160  sdio_sdcard.o(.text)
    SD_EnableWideBusOperation                0x08007fa9   Thumb Code    98  sdio_sdcard.o(.text)
    SD_SelectDeselect                        0x0800800b   Thumb Code    42  sdio_sdcard.o(.text)
    SD_GetCardInfo                           0x08008035   Thumb Code   802  sdio_sdcard.o(.text)
    CmdResp2Error                            0x08008357   Thumb Code    80  sdio_sdcard.o(.text)
    CmdResp6Error                            0x080083a7   Thumb Code   144  sdio_sdcard.o(.text)
    SD_InitializeCards                       0x08008437   Thumb Code   354  sdio_sdcard.o(.text)
    CmdResp3Error                            0x08008599   Thumb Code    52  sdio_sdcard.o(.text)
    CmdResp7Error                            0x080085cd   Thumb Code    72  sdio_sdcard.o(.text)
    CmdError                                 0x08008615   Thumb Code    48  sdio_sdcard.o(.text)
    SD_PowerON                               0x08008645   Thumb Code   460  sdio_sdcard.o(.text)
    SD_Init                                  0x08008811   Thumb Code   334  sdio_sdcard.o(.text)
    SD_PowerOFF                              0x0800895f   Thumb Code    12  sdio_sdcard.o(.text)
    SD_DMA_Config                            0x0800896b   Thumb Code   118  sdio_sdcard.o(.text)
    convert_from_bytes_to_power_of_two       0x080089e1   Thumb Code    18  sdio_sdcard.o(.text)
    SD_ReadBlock                             0x080089f3   Thumb Code   578  sdio_sdcard.o(.text)
    SD_ReadMultiBlocks                       0x08008c35   Thumb Code   762  sdio_sdcard.o(.text)
    IsCardProgramming                        0x08008f2f   Thumb Code   150  sdio_sdcard.o(.text)
    SD_WriteBlock                            0x08008fc5   Thumb Code   914  sdio_sdcard.o(.text)
    SD_WriteMultiBlocks                      0x08009357   Thumb Code   976  sdio_sdcard.o(.text)
    SD_ProcessIRQSrc                         0x08009727   Thumb Code   322  sdio_sdcard.o(.text)
    SDIO_IRQHandler                          0x08009869   Thumb Code     8  sdio_sdcard.o(.text)
    SD_SendStatus                            0x08009871   Thumb Code    74  sdio_sdcard.o(.text)
    SD_GetState                              0x080098bb   Thumb Code    26  sdio_sdcard.o(.text)
    SD_ReadDisk                              0x080098d5   Thumb Code   188  sdio_sdcard.o(.text)
    SD_WriteDisk                             0x08009991   Thumb Code   148  sdio_sdcard.o(.text)
    SDCardFile_Init                          0x08009a29   Thumb Code    20  sdcardfile.o(.text)
    WriteDataToSDCard                        0x08009a3d   Thumb Code   400  sdcardfile.o(.text)
    COMscreen_value_init                     0x08009c91   Thumb Code    38  comscreen.o(.text)
    COMscreen_Init                           0x08009cb7   Thumb Code    12  comscreen.o(.text)
    MCU_Reaction_ReferToCmd                  0x08009cc3   Thumb Code   314  comscreen.o(.text)
    COMscreen_REV_Cmd                        0x08009dfd   Thumb Code   170  comscreen.o(.text)
    UpdateComScreen                          0x08009ea7   Thumb Code    30  comscreen.o(.text)
    UpdateComScreen_ALL                      0x08009ec5   Thumb Code    34  comscreen.o(.text)
    COMscreen_USART_Init                     0x08009f05   Thumb Code    12  comscreen_drive.o(.text)
    COMscreen_Send_Data                      0x08009f11   Thumb Code    16  comscreen_drive.o(.text)
    atkm_USART_Init                          0x08009f21   Thumb Code    12  atk_m750.o(.text)
    atkm_Init                                0x08009f2d   Thumb Code     8  atk_m750.o(.text)
    send_atkm750_data                        0x08009f35   Thumb Code    40  atk_m750.o(.text)
    main                                     0x08009f5d   Thumb Code   180  main.o(.text)
    Translate_CANMsg2Num                     0x0800a019   Thumb Code  1082  translate.o(.text)
    Translate_Num2AscllChar                  0x0800a453   Thumb Code  1284  translate.o(.text)
    Translate_CANMsg2TempStruct              0x0800a957   Thumb Code   298  translate.o(.text)
    Translate_AscllChar2SDData               0x0800aa81   Thumb Code  1036  translate.o(.text)
    Translate_AscllChar2ComScreenCMD         0x0800ae8d   Thumb Code   330  translate.o(.text)
    Translate_AscllChar2DTUMsg               0x0800afd7   Thumb Code   138  translate.o(.text)
    NMI_Handler                              0x0800b089   Thumb Code     2  stm32f4xx_it.o(.text)
    HardFault_Handler                        0x0800b08b   Thumb Code     4  stm32f4xx_it.o(.text)
    MemManage_Handler                        0x0800b08f   Thumb Code     4  stm32f4xx_it.o(.text)
    BusFault_Handler                         0x0800b093   Thumb Code     4  stm32f4xx_it.o(.text)
    UsageFault_Handler                       0x0800b097   Thumb Code     4  stm32f4xx_it.o(.text)
    SVC_Handler                              0x0800b09b   Thumb Code     2  stm32f4xx_it.o(.text)
    DebugMon_Handler                         0x0800b09d   Thumb Code     2  stm32f4xx_it.o(.text)
    PendSV_Handler                           0x0800b09f   Thumb Code     2  stm32f4xx_it.o(.text)
    SysTick_Handler                          0x0800b0a1   Thumb Code     2  stm32f4xx_it.o(.text)
    SystemInit                               0x0800b181   Thumb Code    88  system_stm32f4xx.o(.text)
    SystemCoreClockUpdate                    0x0800b1d9   Thumb Code   174  system_stm32f4xx.o(.text)
    __use_no_semihosting                     0x0800b2b5   Thumb Code     2  use_no_semi_2.o(.text)
    __aeabi_ldivmod                          0x0800b2b7   Thumb Code     0  llsdiv.o(.text)
    _ll_sdiv                                 0x0800b2b7   Thumb Code    72  llsdiv.o(.text)
    __2printf                                0x0800b301   Thumb Code    20  noretval__2printf.o(.text)
    __2sprintf                               0x0800b319   Thumb Code    34  noretval__2sprintf.o(.text)
    _printf_pre_padding                      0x0800b341   Thumb Code    44  _printf_pad.o(.text)
    _printf_post_padding                     0x0800b36d   Thumb Code    34  _printf_pad.o(.text)
    _printf_int_dec                          0x0800b391   Thumb Code   104  _printf_dec.o(.text)
    _printf_int_hex                          0x0800b409   Thumb Code    84  _printf_hex_int.o(.text)
    _printf_longlong_hex                     0x0800b409   Thumb Code     0  _printf_hex_int.o(.text)
    __printf                                 0x0800b461   Thumb Code   308  __printf_flags_wp.o(.text)
    strlen                                   0x0800b599   Thumb Code    62  strlen.o(.text)
    strcat                                   0x0800b5d7   Thumb Code    24  strcat.o(.text)
    __aeabi_memcpy                           0x0800b5ef   Thumb Code     0  rt_memcpy_v6.o(.text)
    __rt_memcpy                              0x0800b5ef   Thumb Code   138  rt_memcpy_v6.o(.text)
    _memcpy_lastbytes                        0x0800b655   Thumb Code     0  rt_memcpy_v6.o(.text)
    __aeabi_memcpy4                          0x0800b679   Thumb Code     0  rt_memcpy_w.o(.text)
    __aeabi_memcpy8                          0x0800b679   Thumb Code     0  rt_memcpy_w.o(.text)
    __rt_memcpy_w                            0x0800b679   Thumb Code   100  rt_memcpy_w.o(.text)
    _memcpy_lastbytes_aligned                0x0800b6c1   Thumb Code     0  rt_memcpy_w.o(.text)
    __aeabi_memclr4                          0x0800b6dd   Thumb Code     0  rt_memclr_w.o(.text)
    __aeabi_memclr8                          0x0800b6dd   Thumb Code     0  rt_memclr_w.o(.text)
    __rt_memclr_w                            0x0800b6dd   Thumb Code    78  rt_memclr_w.o(.text)
    _memset_w                                0x0800b6e1   Thumb Code     0  rt_memclr_w.o(.text)
    __use_two_region_memory                  0x0800b72b   Thumb Code     2  heapauxi.o(.text)
    __rt_heap_escrow$2region                 0x0800b72d   Thumb Code     2  heapauxi.o(.text)
    __rt_heap_expand$2region                 0x0800b72f   Thumb Code     2  heapauxi.o(.text)
    __I$use$semihosting                      0x0800b731   Thumb Code     0  use_no_semi.o(.text)
    __use_no_semihosting_swi                 0x0800b731   Thumb Code     2  use_no_semi.o(.text)
    __aeabi_uldivmod                         0x0800b733   Thumb Code     0  lludivv7m.o(.text)
    _ll_udiv                                 0x0800b733   Thumb Code   238  lludivv7m.o(.text)
    __read_errno                             0x0800b821   Thumb Code    10  _rserrno.o(.text)
    __set_errno                              0x0800b82b   Thumb Code    12  _rserrno.o(.text)
    _printf_int_common                       0x0800b837   Thumb Code   178  _printf_intcommon.o(.text)
    __lib_sel_fp_printf                      0x0800b8e9   Thumb Code     2  _printf_fp_dec.o(.text)
    _printf_fp_dec_real                      0x0800ba9b   Thumb Code   620  _printf_fp_dec.o(.text)
    _printf_char_common                      0x0800bd13   Thumb Code    32  _printf_char_common.o(.text)
    _sputc                                   0x0800bd39   Thumb Code    10  _sputc.o(.text)
    _printf_char_file                        0x0800bd45   Thumb Code    32  _printf_char_file.o(.text)
    __rt_locale                              0x0800bd69   Thumb Code     8  rt_locale_intlibspace.o(.text)
    __aeabi_errno_addr                       0x0800bd71   Thumb Code     8  rt_errno_addr_intlibspace.o(.text)
    __errno$intlibspace                      0x0800bd71   Thumb Code     0  rt_errno_addr_intlibspace.o(.text)
    __rt_errno_addr$intlibspace              0x0800bd71   Thumb Code     0  rt_errno_addr_intlibspace.o(.text)
    _ll_udiv10                               0x0800bd79   Thumb Code   138  lludiv10.o(.text)
    _printf_fp_infnan                        0x0800be05   Thumb Code   112  _printf_fp_infnan.o(.text)
    _btod_etento                             0x0800be85   Thumb Code   224  bigflt0.o(.text)
    ferror                                   0x0800bf69   Thumb Code     8  ferror.o(.text)
    __user_libspace                          0x0800bf71   Thumb Code     8  libspace.o(.text)
    __user_perproc_libspace                  0x0800bf71   Thumb Code     0  libspace.o(.text)
    __user_perthread_libspace                0x0800bf71   Thumb Code     0  libspace.o(.text)
    __user_setup_stackheap                   0x0800bf79   Thumb Code    74  sys_stackheap_outer.o(.text)
    exit                                     0x0800bfc3   Thumb Code    18  exit.o(.text)
    strcmp                                   0x0800bfd5   Thumb Code   128  strcmpv7m.o(.text)
    _btod_d2e                                0x0800c055   Thumb Code    62  btod.o(CL$$btod_d2e)
    _d2e_denorm_low                          0x0800c093   Thumb Code    70  btod.o(CL$$btod_d2e_denorm_low)
    _d2e_norm_op1                            0x0800c0d9   Thumb Code    96  btod.o(CL$$btod_d2e_norm_op1)
    __btod_div_common                        0x0800c139   Thumb Code   696  btod.o(CL$$btod_div_common)
    _e2e                                     0x0800c471   Thumb Code   220  btod.o(CL$$btod_e2e)
    _btod_ediv                               0x0800c54d   Thumb Code    42  btod.o(CL$$btod_ediv)
    _btod_emul                               0x0800c577   Thumb Code    42  btod.o(CL$$btod_emul)
    __btod_mult_common                       0x0800c5a1   Thumb Code   580  btod.o(CL$$btod_mult_common)
    __ARM_fpclassify                         0x0800c7e5   Thumb Code    48  fpclassify.o(i.__ARM_fpclassify)
    __hardfp_pow                             0x0800c819   Thumb Code  3072  pow.o(i.__hardfp_pow)
    __kernel_poly                            0x0800d469   Thumb Code   248  poly.o(i.__kernel_poly)
    __mathlib_dbl_divzero                    0x0800d561   Thumb Code    28  dunder.o(i.__mathlib_dbl_divzero)
    __mathlib_dbl_infnan2                    0x0800d591   Thumb Code    20  dunder.o(i.__mathlib_dbl_infnan2)
    __mathlib_dbl_invalid                    0x0800d5a9   Thumb Code    24  dunder.o(i.__mathlib_dbl_invalid)
    __mathlib_dbl_overflow                   0x0800d5c9   Thumb Code    24  dunder.o(i.__mathlib_dbl_overflow)
    __mathlib_dbl_underflow                  0x0800d5e9   Thumb Code    24  dunder.o(i.__mathlib_dbl_underflow)
    _is_digit                                0x0800d609   Thumb Code    14  __printf_wp.o(i._is_digit)
    fabs                                     0x0800d617   Thumb Code    24  fabs.o(i.fabs)
    sqrt                                     0x0800d62f   Thumb Code   110  sqrt.o(i.sqrt)
    _get_lc_numeric                          0x0800d69d   Thumb Code    44  lc_numeric_c.o(locale$$code)
    __aeabi_dneg                             0x0800d6c9   Thumb Code     0  basic.o(x$fpl$basic)
    _dneg                                    0x0800d6c9   Thumb Code     6  basic.o(x$fpl$basic)
    __aeabi_fneg                             0x0800d6cf   Thumb Code     0  basic.o(x$fpl$basic)
    _fneg                                    0x0800d6cf   Thumb Code     6  basic.o(x$fpl$basic)
    _dabs                                    0x0800d6d5   Thumb Code     6  basic.o(x$fpl$basic)
    _fabs                                    0x0800d6db   Thumb Code     6  basic.o(x$fpl$basic)
    __aeabi_dadd                             0x0800d6e1   Thumb Code     0  daddsub_clz.o(x$fpl$dadd)
    _dadd                                    0x0800d6e1   Thumb Code   332  daddsub_clz.o(x$fpl$dadd)
    __fpl_dcheck_NaN1                        0x0800d831   Thumb Code    10  dcheck1.o(x$fpl$dcheck1)
    __fpl_dcmp_Inf                           0x0800d841   Thumb Code    24  dcmpi.o(x$fpl$dcmpinf)
    __aeabi_ddiv                             0x0800d859   Thumb Code     0  ddiv.o(x$fpl$ddiv)
    _ddiv                                    0x0800d859   Thumb Code   552  ddiv.o(x$fpl$ddiv)
    __aeabi_i2d                              0x0800db09   Thumb Code     0  dflt_clz.o(x$fpl$dflt)
    _dflt                                    0x0800db09   Thumb Code    46  dflt_clz.o(x$fpl$dflt)
    __aeabi_ui2d                             0x0800db37   Thumb Code     0  dflt_clz.o(x$fpl$dfltu)
    _dfltu                                   0x0800db37   Thumb Code    38  dflt_clz.o(x$fpl$dfltu)
    __aeabi_cdcmple                          0x0800db5d   Thumb Code     0  dleqf.o(x$fpl$dleqf)
    _dcmple                                  0x0800db5d   Thumb Code   120  dleqf.o(x$fpl$dleqf)
    __fpl_dcmple_InfNaN                      0x0800dbbf   Thumb Code     0  dleqf.o(x$fpl$dleqf)
    __aeabi_dmul                             0x0800dbd5   Thumb Code     0  dmul.o(x$fpl$dmul)
    _dmul                                    0x0800dbd5   Thumb Code   332  dmul.o(x$fpl$dmul)
    __fpl_dnaninf                            0x0800dd29   Thumb Code   156  dnaninf.o(x$fpl$dnaninf)
    __fpl_dretinf                            0x0800ddc5   Thumb Code    12  dretinf.o(x$fpl$dretinf)
    __aeabi_cdrcmple                         0x0800ddd1   Thumb Code     0  drleqf.o(x$fpl$drleqf)
    _drcmple                                 0x0800ddd1   Thumb Code   108  drleqf.o(x$fpl$drleqf)
    __aeabi_drsub                            0x0800de3d   Thumb Code     0  daddsub_clz.o(x$fpl$drsb)
    _drsb                                    0x0800de3d   Thumb Code    22  daddsub_clz.o(x$fpl$drsb)
    _dsqrt                                   0x0800de55   Thumb Code   404  dsqrt_umaal.o(x$fpl$dsqrt)
    __aeabi_dsub                             0x0800dfed   Thumb Code     0  daddsub_clz.o(x$fpl$dsub)
    _dsub                                    0x0800dfed   Thumb Code   464  daddsub_clz.o(x$fpl$dsub)
    _fp_init                                 0x0800e1c1   Thumb Code    10  fpinit.o(x$fpl$fpinit)
    __fplib_config_fpu_vfp                   0x0800e1c9   Thumb Code     0  fpinit.o(x$fpl$fpinit)
    __fplib_config_pureend_doubles           0x0800e1c9   Thumb Code     0  fpinit.o(x$fpl$fpinit)
    _printf_fp_dec                           0x0800e1cb   Thumb Code     4  printf1.o(x$fpl$printf1)
    __fpl_return_NaN                         0x0800e1cf   Thumb Code   100  retnan.o(x$fpl$retnan)
    __ARM_scalbn                             0x0800e233   Thumb Code    92  scalbn.o(x$fpl$scalbn)
    __fpl_cmpreturn                          0x0800e28f   Thumb Code    48  trapv.o(x$fpl$trapveneer)
    __I$use$fp                               0x0800e2be   Number         0  usenofp.o(x$fpl$usenofp)
    memtblsize                               0x0800e2c0   Data           4  malloc.o(.constdata)
    memblksize                               0x0800e2c4   Data           4  malloc.o(.constdata)
    memsize                                  0x0800e2c8   Data           4  malloc.o(.constdata)
    __mathlib_zero                           0x08039110   Data           8  qnan.o(.constdata)
    Region$$Table$$Base                      0x080391f8   Number         0  anon$$obj.o(Region$$Table)
    Region$$Table$$Limit                     0x08039218   Number         0  anon$$obj.o(Region$$Table)
    __stdout                                 0x20000014   Data           4  usart.o(.data)
    USART_RX_STA                             0x20000018   Data           2  usart.o(.data)
    mallco_dev                               0x2000001c   Data          20  malloc.o(.data)
    myqueue                                  0x20000030   Data           4  queue.o(.data)
    myqueue2                                 0x20000034   Data           4  queue2.o(.data)
    TransferError                            0x2000005e   Data           1  sdio_sdcard.o(.data)
    TransferEnd                              0x2000005f   Data           1  sdio_sdcard.o(.data)
    tempbuff                                 0x20000060   Data           4  sdio_sdcard.o(.data)
    SystemCoreClock                          0x20000078   Data           4  system_stm32f4xx.o(.data)
    AHBPrescTable                            0x2000007c   Data          16  system_stm32f4xx.o(.data)
    USART_RX_BUF                             0x2000008c   Data         200  usart.o(.bss)
    SendBuff_USART2                          0x20000154   Data         300  usart2.o(.bss)
    ReceiveBuff_USART2                       0x20000280   Data         300  usart2.o(.bss)
    ReceiveBuff_USART3                       0x200003ac   Data          30  usart3.o(.bss)
    mem1base                                 0x200003e0   Data        3200  malloc.o(.bss)
    mem1mapbase                              0x20001060   Data         200  malloc.o(.bss)
    SDIO_InitStructure                       0x20001338   Data          24  sdio_sdcard.o(.bss)
    SDIO_CmdInitStructure                    0x20001350   Data          20  sdio_sdcard.o(.bss)
    SDIO_DataInitStructure                   0x20001364   Data          24  sdio_sdcard.o(.bss)
    SDCardInfo                               0x200013a0   Data          88  sdio_sdcard.o(.bss)
    SDIO_DATA_BUFFER                         0x200013f8   Data         512  sdio_sdcard.o(.bss)
    SDFatFS                                  0x200015f8   Data         560  sdcardfile.o(.bss)
    my_comscreen_msg                         0x20001828   Data         692  comscreen.o(.bss)
    my_temp_rec_msg                          0x20001b1c   Data        1308  translate.o(.bss)
    __libspace_start                         0x20002038   Data          96  libspace.o(.bss)
    __temporary_stack_top$libspace           0x20002098   Data           0  libspace.o(.bss)



==============================================================================

Memory Map of the image

  Image Entry point : 0x08000189

  Load Region LR_IROM1 (Base: 0x08000000, Size: 0x000392c0, Max: 0x00100000, ABSOLUTE)

    Execution Region ER_IROM1 (Exec base: 0x08000000, Load base: 0x08000000, Size: 0x00039234, Max: 0x00100000, ABSOLUTE)

    Exec Addr    Load Addr    Size         Type   Attr      Idx    E Section Name        Object

    0x08000000   0x08000000   0x00000188   Data   RO            3    RESET               startup_stm32f40_41xxx.o
    0x08000188   0x08000188   0x00000008   Code   RO         1625  * !!!main             c_w.l(__main.o)
    0x08000190   0x08000190   0x00000034   Code   RO         1953    !!!scatter          c_w.l(__scatter.o)
    0x080001c4   0x080001c4   0x0000001a   Code   RO         1955    !!handler_copy      c_w.l(__scatter_copy.o)
    0x080001de   0x080001de   0x00000002   PAD
    0x080001e0   0x080001e0   0x0000001c   Code   RO         1957    !!handler_zi        c_w.l(__scatter_zi.o)
    0x080001fc   0x080001fc   0x00000000   Code   RO         1612    .ARM.Collect$$_printf_percent$$00000000  c_w.l(_printf_percent.o)
    0x080001fc   0x080001fc   0x00000006   Code   RO         1611    .ARM.Collect$$_printf_percent$$00000003  c_w.l(_printf_f.o)
    0x08000202   0x08000202   0x00000006   Code   RO         1610    .ARM.Collect$$_printf_percent$$00000009  c_w.l(_printf_d.o)
    0x08000208   0x08000208   0x00000006   Code   RO         1609    .ARM.Collect$$_printf_percent$$0000000C  c_w.l(_printf_x.o)
    0x0800020e   0x0800020e   0x00000004   Code   RO         1674    .ARM.Collect$$_printf_percent$$00000017  c_w.l(_printf_percent_end.o)
    0x08000212   0x08000212   0x00000002   Code   RO         1818    .ARM.Collect$$libinit$$00000000  c_w.l(libinit.o)
    0x08000214   0x08000214   0x00000004   Code   RO         1819    .ARM.Collect$$libinit$$00000001  c_w.l(libinit2.o)
    0x08000218   0x08000218   0x00000000   Code   RO         1822    .ARM.Collect$$libinit$$00000004  c_w.l(libinit2.o)
    0x08000218   0x08000218   0x00000000   Code   RO         1825    .ARM.Collect$$libinit$$0000000A  c_w.l(libinit2.o)
    0x08000218   0x08000218   0x00000000   Code   RO         1827    .ARM.Collect$$libinit$$0000000C  c_w.l(libinit2.o)
    0x08000218   0x08000218   0x00000000   Code   RO         1829    .ARM.Collect$$libinit$$0000000E  c_w.l(libinit2.o)
    0x08000218   0x08000218   0x00000006   Code   RO         1830    .ARM.Collect$$libinit$$0000000F  c_w.l(libinit2.o)
    0x0800021e   0x0800021e   0x00000000   Code   RO         1832    .ARM.Collect$$libinit$$00000011  c_w.l(libinit2.o)
    0x0800021e   0x0800021e   0x00000000   Code   RO         1834    .ARM.Collect$$libinit$$00000013  c_w.l(libinit2.o)
    0x0800021e   0x0800021e   0x00000000   Code   RO         1836    .ARM.Collect$$libinit$$00000015  c_w.l(libinit2.o)
    0x0800021e   0x0800021e   0x0000000a   Code   RO         1837    .ARM.Collect$$libinit$$00000016  c_w.l(libinit2.o)
    0x08000228   0x08000228   0x00000000   Code   RO         1838    .ARM.Collect$$libinit$$00000017  c_w.l(libinit2.o)
    0x08000228   0x08000228   0x00000000   Code   RO         1840    .ARM.Collect$$libinit$$00000019  c_w.l(libinit2.o)
    0x08000228   0x08000228   0x00000000   Code   RO         1842    .ARM.Collect$$libinit$$0000001B  c_w.l(libinit2.o)
    0x08000228   0x08000228   0x00000000   Code   RO         1844    .ARM.Collect$$libinit$$0000001D  c_w.l(libinit2.o)
    0x08000228   0x08000228   0x00000000   Code   RO         1846    .ARM.Collect$$libinit$$0000001F  c_w.l(libinit2.o)
    0x08000228   0x08000228   0x00000000   Code   RO         1848    .ARM.Collect$$libinit$$00000021  c_w.l(libinit2.o)
    0x08000228   0x08000228   0x00000000   Code   RO         1850    .ARM.Collect$$libinit$$00000023  c_w.l(libinit2.o)
    0x08000228   0x08000228   0x00000000   Code   RO         1852    .ARM.Collect$$libinit$$00000025  c_w.l(libinit2.o)
    0x08000228   0x08000228   0x00000000   Code   RO         1856    .ARM.Collect$$libinit$$0000002C  c_w.l(libinit2.o)
    0x08000228   0x08000228   0x00000000   Code   RO         1858    .ARM.Collect$$libinit$$0000002E  c_w.l(libinit2.o)
    0x08000228   0x08000228   0x00000000   Code   RO         1860    .ARM.Collect$$libinit$$00000030  c_w.l(libinit2.o)
    0x08000228   0x08000228   0x00000000   Code   RO         1862    .ARM.Collect$$libinit$$00000032  c_w.l(libinit2.o)
    0x08000228   0x08000228   0x00000002   Code   RO         1863    .ARM.Collect$$libinit$$00000033  c_w.l(libinit2.o)
    0x0800022a   0x0800022a   0x00000002   Code   RO         1911    .ARM.Collect$$libshutdown$$00000000  c_w.l(libshutdown.o)
    0x0800022c   0x0800022c   0x00000000   Code   RO         1920    .ARM.Collect$$libshutdown$$00000002  c_w.l(libshutdown2.o)
    0x0800022c   0x0800022c   0x00000000   Code   RO         1922    .ARM.Collect$$libshutdown$$00000004  c_w.l(libshutdown2.o)
    0x0800022c   0x0800022c   0x00000000   Code   RO         1924    .ARM.Collect$$libshutdown$$00000006  c_w.l(libshutdown2.o)
    0x0800022c   0x0800022c   0x00000000   Code   RO         1927    .ARM.Collect$$libshutdown$$00000009  c_w.l(libshutdown2.o)
    0x0800022c   0x0800022c   0x00000000   Code   RO         1930    .ARM.Collect$$libshutdown$$0000000C  c_w.l(libshutdown2.o)
    0x0800022c   0x0800022c   0x00000000   Code   RO         1932    .ARM.Collect$$libshutdown$$0000000E  c_w.l(libshutdown2.o)
    0x0800022c   0x0800022c   0x00000000   Code   RO         1935    .ARM.Collect$$libshutdown$$00000011  c_w.l(libshutdown2.o)
    0x0800022c   0x0800022c   0x00000002   Code   RO         1936    .ARM.Collect$$libshutdown$$00000012  c_w.l(libshutdown2.o)
    0x0800022e   0x0800022e   0x00000000   Code   RO         1659    .ARM.Collect$$rtentry$$00000000  c_w.l(__rtentry.o)
    0x0800022e   0x0800022e   0x00000000   Code   RO         1728    .ARM.Collect$$rtentry$$00000002  c_w.l(__rtentry2.o)
    0x0800022e   0x0800022e   0x00000006   Code   RO         1740    .ARM.Collect$$rtentry$$00000004  c_w.l(__rtentry4.o)
    0x08000234   0x08000234   0x00000000   Code   RO         1730    .ARM.Collect$$rtentry$$00000009  c_w.l(__rtentry2.o)
    0x08000234   0x08000234   0x00000004   Code   RO         1731    .ARM.Collect$$rtentry$$0000000A  c_w.l(__rtentry2.o)
    0x08000238   0x08000238   0x00000000   Code   RO         1733    .ARM.Collect$$rtentry$$0000000C  c_w.l(__rtentry2.o)
    0x08000238   0x08000238   0x00000008   Code   RO         1734    .ARM.Collect$$rtentry$$0000000D  c_w.l(__rtentry2.o)
    0x08000240   0x08000240   0x00000002   Code   RO         1868    .ARM.Collect$$rtexit$$00000000  c_w.l(rtexit.o)
    0x08000242   0x08000242   0x00000000   Code   RO         1881    .ARM.Collect$$rtexit$$00000002  c_w.l(rtexit2.o)
    0x08000242   0x08000242   0x00000004   Code   RO         1882    .ARM.Collect$$rtexit$$00000003  c_w.l(rtexit2.o)
    0x08000246   0x08000246   0x00000006   Code   RO         1883    .ARM.Collect$$rtexit$$00000004  c_w.l(rtexit2.o)
    0x0800024c   0x0800024c   0x00000010   Code   RO          342    .emb_text           sys.o
    0x0800025c   0x0800025c   0x00000040   Code   RO            4    .text               startup_stm32f40_41xxx.o
    0x0800029c   0x0800029c   0x000000e0   Code   RO           12    .text               misc.o
    0x0800037c   0x0800037c   0x00000294   Code   RO          137    .text               stm32f4xx_gpio.o
    0x08000610   0x08000610   0x0000065c   Code   RO          180    .text               stm32f4xx_rcc.o
    0x08000c6c   0x08000c6c   0x00000454   Code   RO          222    .text               stm32f4xx_usart.o
    0x080010c0   0x080010c0   0x000009f0   Code   RO          242    .text               stm32f4xx_can.o
    0x08001ab0   0x08001ab0   0x000003a8   Code   RO          262    .text               stm32f4xx_dma.o
    0x08001e58   0x08001e58   0x000001dc   Code   RO          282    .text               stm32f4xx_sdio.o
    0x08002034   0x08002034   0x00000d68   Code   RO          302    .text               stm32f4xx_rtc.o
    0x08002d9c   0x08002d9c   0x0000016c   Code   RO          322    .text               stm32f4xx_pwr.o
    0x08002f08   0x08002f08   0x00000044   Code   RO          363    .text               exit.o
    0x08002f4c   0x08002f4c   0x00000104   Code   RO          519    .text               delay.o
    0x08003050   0x08003050   0x00000148   Code   RO          544    .text               usart.o
    0x08003198   0x08003198   0x00000294   Code   RO          575    .text               usart2.o
    0x0800342c   0x0800342c   0x0000020c   Code   RO          604    .text               usart3.o
    0x08003638   0x08003638   0x000000d2   Code   RO          757    .text               rtc.o
    0x0800370a   0x0800370a   0x00000002   PAD
    0x0800370c   0x0800370c   0x0000022c   Code   RO          783    .text               malloc.o
    0x08003938   0x08003938   0x00000144   Code   RO          811    .text               queue.o
    0x08003a7c   0x08003a7c   0x0000011c   Code   RO          841    .text               queue2.o
    0x08003b98   0x08003b98   0x00000140   Code   RO          871    .text               diskio.o
    0x08003cd8   0x08003cd8   0x000031de   Code   RO          899    .text               ff.o
    0x08006eb6   0x08006eb6   0x00000002   PAD
    0x08006eb8   0x08006eb8   0x000000b4   Code   RO          924    .text               cc936.o
    0x08006f6c   0x08006f6c   0x000001a0   Code   RO          949    .text               can.o
    0x0800710c   0x0800710c   0x000001c8   Code   RO          972    .text               candevice.o
    0x080072d4   0x080072d4   0x000000fc   Code   RO         1111    .text               candevice3402.o
    0x080073d0   0x080073d0   0x000000ac   Code   RO         1131    .text               candevice4055.o
    0x0800747c   0x0800747c   0x00000598   Code   RO         1151    .text               candevice5801.o
    0x08007a14   0x08007a14   0x000002b8   Code   RO         1172    .text               candevice7017.o
    0x08007ccc   0x08007ccc   0x00001d5c   Code   RO         1193    .text               sdio_sdcard.o
    0x08009a28   0x08009a28   0x00000268   Code   RO         1220    .text               sdcardfile.o
    0x08009c90   0x08009c90   0x00000274   Code   RO         1269    .text               comscreen.o
    0x08009f04   0x08009f04   0x0000001c   Code   RO         1321    .text               comscreen_drive.o
    0x08009f20   0x08009f20   0x0000003c   Code   RO         1341    .text               atk_m750.o
    0x08009f5c   0x08009f5c   0x000000bc   Code   RO         1371    .text               main.o
    0x0800a018   0x0800a018   0x00001070   Code   RO         1426    .text               translate.o
    0x0800b088   0x0800b088   0x0000001a   Code   RO         1475    .text               stm32f4xx_it.o
    0x0800b0a2   0x0800b0a2   0x00000002   PAD
    0x0800b0a4   0x0800b0a4   0x00000210   Code   RO         1524    .text               system_stm32f4xx.o
    0x0800b2b4   0x0800b2b4   0x00000002   Code   RO         1550    .text               c_w.l(use_no_semi_2.o)
    0x0800b2b6   0x0800b2b6   0x00000048   Code   RO         1552    .text               c_w.l(llsdiv.o)
    0x0800b2fe   0x0800b2fe   0x00000002   PAD
    0x0800b300   0x0800b300   0x00000018   Code   RO         1558    .text               c_w.l(noretval__2printf.o)
    0x0800b318   0x0800b318   0x00000028   Code   RO         1560    .text               c_w.l(noretval__2sprintf.o)
    0x0800b340   0x0800b340   0x0000004e   Code   RO         1564    .text               c_w.l(_printf_pad.o)
    0x0800b38e   0x0800b38e   0x00000002   PAD
    0x0800b390   0x0800b390   0x00000078   Code   RO         1566    .text               c_w.l(_printf_dec.o)
    0x0800b408   0x0800b408   0x00000058   Code   RO         1571    .text               c_w.l(_printf_hex_int.o)
    0x0800b460   0x0800b460   0x00000138   Code   RO         1601    .text               c_w.l(__printf_flags_wp.o)
    0x0800b598   0x0800b598   0x0000003e   Code   RO         1613    .text               c_w.l(strlen.o)
    0x0800b5d6   0x0800b5d6   0x00000018   Code   RO         1615    .text               c_w.l(strcat.o)
    0x0800b5ee   0x0800b5ee   0x0000008a   Code   RO         1617    .text               c_w.l(rt_memcpy_v6.o)
    0x0800b678   0x0800b678   0x00000064   Code   RO         1619    .text               c_w.l(rt_memcpy_w.o)
    0x0800b6dc   0x0800b6dc   0x0000004e   Code   RO         1621    .text               c_w.l(rt_memclr_w.o)
    0x0800b72a   0x0800b72a   0x00000006   Code   RO         1623    .text               c_w.l(heapauxi.o)
    0x0800b730   0x0800b730   0x00000002   Code   RO         1657    .text               c_w.l(use_no_semi.o)
    0x0800b732   0x0800b732   0x000000ee   Code   RO         1660    .text               c_w.l(lludivv7m.o)
    0x0800b820   0x0800b820   0x00000016   Code   RO         1662    .text               c_w.l(_rserrno.o)
    0x0800b836   0x0800b836   0x000000b2   Code   RO         1664    .text               c_w.l(_printf_intcommon.o)
    0x0800b8e8   0x0800b8e8   0x0000041e   Code   RO         1666    .text               c_w.l(_printf_fp_dec.o)
    0x0800bd06   0x0800bd06   0x00000002   PAD
    0x0800bd08   0x0800bd08   0x00000030   Code   RO         1668    .text               c_w.l(_printf_char_common.o)
    0x0800bd38   0x0800bd38   0x0000000a   Code   RO         1670    .text               c_w.l(_sputc.o)
    0x0800bd42   0x0800bd42   0x00000002   PAD
    0x0800bd44   0x0800bd44   0x00000024   Code   RO         1672    .text               c_w.l(_printf_char_file.o)
    0x0800bd68   0x0800bd68   0x00000008   Code   RO         1749    .text               c_w.l(rt_locale_intlibspace.o)
    0x0800bd70   0x0800bd70   0x00000008   Code   RO         1754    .text               c_w.l(rt_errno_addr_intlibspace.o)
    0x0800bd78   0x0800bd78   0x0000008a   Code   RO         1756    .text               c_w.l(lludiv10.o)
    0x0800be02   0x0800be02   0x00000002   PAD
    0x0800be04   0x0800be04   0x00000080   Code   RO         1758    .text               c_w.l(_printf_fp_infnan.o)
    0x0800be84   0x0800be84   0x000000e4   Code   RO         1762    .text               c_w.l(bigflt0.o)
    0x0800bf68   0x0800bf68   0x00000008   Code   RO         1787    .text               c_w.l(ferror.o)
    0x0800bf70   0x0800bf70   0x00000008   Code   RO         1802    .text               c_w.l(libspace.o)
    0x0800bf78   0x0800bf78   0x0000004a   Code   RO         1805    .text               c_w.l(sys_stackheap_outer.o)
    0x0800bfc2   0x0800bfc2   0x00000012   Code   RO         1809    .text               c_w.l(exit.o)
    0x0800bfd4   0x0800bfd4   0x00000080   Code   RO         1811    .text               c_w.l(strcmpv7m.o)
    0x0800c054   0x0800c054   0x0000003e   Code   RO         1765    CL$$btod_d2e        c_w.l(btod.o)
    0x0800c092   0x0800c092   0x00000046   Code   RO         1767    CL$$btod_d2e_denorm_low  c_w.l(btod.o)
    0x0800c0d8   0x0800c0d8   0x00000060   Code   RO         1766    CL$$btod_d2e_norm_op1  c_w.l(btod.o)
    0x0800c138   0x0800c138   0x00000338   Code   RO         1775    CL$$btod_div_common  c_w.l(btod.o)
    0x0800c470   0x0800c470   0x000000dc   Code   RO         1772    CL$$btod_e2e        c_w.l(btod.o)
    0x0800c54c   0x0800c54c   0x0000002a   Code   RO         1769    CL$$btod_ediv       c_w.l(btod.o)
    0x0800c576   0x0800c576   0x0000002a   Code   RO         1768    CL$$btod_emul       c_w.l(btod.o)
    0x0800c5a0   0x0800c5a0   0x00000244   Code   RO         1774    CL$$btod_mult_common  c_w.l(btod.o)
    0x0800c7e4   0x0800c7e4   0x00000030   Code   RO         1710    i.__ARM_fpclassify  m_wm.l(fpclassify.o)
    0x0800c814   0x0800c814   0x00000004   PAD
    0x0800c818   0x0800c818   0x00000c50   Code   RO         1643    i.__hardfp_pow      m_wm.l(pow.o)
    0x0800d468   0x0800d468   0x000000f8   Code   RO         1712    i.__kernel_poly     m_wm.l(poly.o)
    0x0800d560   0x0800d560   0x00000030   Code   RO         1690    i.__mathlib_dbl_divzero  m_wm.l(dunder.o)
    0x0800d590   0x0800d590   0x00000014   Code   RO         1692    i.__mathlib_dbl_infnan2  m_wm.l(dunder.o)
    0x0800d5a4   0x0800d5a4   0x00000004   PAD
    0x0800d5a8   0x0800d5a8   0x00000020   Code   RO         1693    i.__mathlib_dbl_invalid  m_wm.l(dunder.o)
    0x0800d5c8   0x0800d5c8   0x00000020   Code   RO         1694    i.__mathlib_dbl_overflow  m_wm.l(dunder.o)
    0x0800d5e8   0x0800d5e8   0x00000020   Code   RO         1696    i.__mathlib_dbl_underflow  m_wm.l(dunder.o)
    0x0800d608   0x0800d608   0x0000000e   Code   RO         1599    i._is_digit         c_w.l(__printf_wp.o)
    0x0800d616   0x0800d616   0x00000018   Code   RO         1706    i.fabs              m_wm.l(fabs.o)
    0x0800d62e   0x0800d62e   0x0000006e   Code   RO         1717    i.sqrt              m_wm.l(sqrt.o)
    0x0800d69c   0x0800d69c   0x0000002c   Code   RO         1792    locale$$code        c_w.l(lc_numeric_c.o)
    0x0800d6c8   0x0800d6c8   0x00000018   Code   RO         1675    x$fpl$basic         fz_wm.l(basic.o)
    0x0800d6e0   0x0800d6e0   0x00000150   Code   RO         1627    x$fpl$dadd          fz_wm.l(daddsub_clz.o)
    0x0800d830   0x0800d830   0x00000010   Code   RO         1794    x$fpl$dcheck1       fz_wm.l(dcheck1.o)
    0x0800d840   0x0800d840   0x00000018   Code   RO         1864    x$fpl$dcmpinf       fz_wm.l(dcmpi.o)
    0x0800d858   0x0800d858   0x000002b0   Code   RO         1678    x$fpl$ddiv          fz_wm.l(ddiv.o)
    0x0800db08   0x0800db08   0x0000002e   Code   RO         1634    x$fpl$dflt          fz_wm.l(dflt_clz.o)
    0x0800db36   0x0800db36   0x00000026   Code   RO         1633    x$fpl$dfltu         fz_wm.l(dflt_clz.o)
    0x0800db5c   0x0800db5c   0x00000078   Code   RO         1796    x$fpl$dleqf         fz_wm.l(dleqf.o)
    0x0800dbd4   0x0800dbd4   0x00000154   Code   RO         1639    x$fpl$dmul          fz_wm.l(dmul.o)
    0x0800dd28   0x0800dd28   0x0000009c   Code   RO         1681    x$fpl$dnaninf       fz_wm.l(dnaninf.o)
    0x0800ddc4   0x0800ddc4   0x0000000c   Code   RO         1683    x$fpl$dretinf       fz_wm.l(dretinf.o)
    0x0800ddd0   0x0800ddd0   0x0000006c   Code   RO         1685    x$fpl$drleqf        fz_wm.l(drleqf.o)
    0x0800de3c   0x0800de3c   0x00000016   Code   RO         1628    x$fpl$drsb          fz_wm.l(daddsub_clz.o)
    0x0800de52   0x0800de52   0x00000002   PAD
    0x0800de54   0x0800de54   0x00000198   Code   RO         1798    x$fpl$dsqrt         fz_wm.l(dsqrt_umaal.o)
    0x0800dfec   0x0800dfec   0x000001d4   Code   RO         1629    x$fpl$dsub          fz_wm.l(daddsub_clz.o)
    0x0800e1c0   0x0800e1c0   0x0000000a   Code   RO         1876    x$fpl$fpinit        fz_wm.l(fpinit.o)
    0x0800e1ca   0x0800e1ca   0x00000004   Code   RO         1641    x$fpl$printf1       fz_wm.l(printf1.o)
    0x0800e1ce   0x0800e1ce   0x00000064   Code   RO         1866    x$fpl$retnan        fz_wm.l(retnan.o)
    0x0800e232   0x0800e232   0x0000005c   Code   RO         1687    x$fpl$scalbn        fz_wm.l(scalbn.o)
    0x0800e28e   0x0800e28e   0x00000030   Code   RO         1878    x$fpl$trapveneer    fz_wm.l(trapv.o)
    0x0800e2be   0x0800e2be   0x00000000   Code   RO         1689    x$fpl$usenofp       fz_wm.l(usenofp.o)
    0x0800e2be   0x0800e2be   0x00000002   PAD
    0x0800e2c0   0x0800e2c0   0x0000000c   Data   RO          785    .constdata          malloc.o
    0x0800e2cc   0x0800e2cc   0x0000003a   Data   RO          901    .constdata          ff.o
    0x0800e306   0x0800e306   0x0002acc8   Data   RO          925    .constdata          cc936.o
    0x08038fce   0x08038fce   0x00000002   PAD
    0x08038fd0   0x08038fd0   0x0000007e   Data   RO         1428    .constdata          translate.o
    0x0803904e   0x0803904e   0x00000028   Data   RO         1572    .constdata          c_w.l(_printf_hex_int.o)
    0x08039076   0x08039076   0x00000011   Data   RO         1602    .constdata          c_w.l(__printf_flags_wp.o)
    0x08039087   0x08039087   0x00000001   PAD
    0x08039088   0x08039088   0x00000088   Data   RO         1646    .constdata          m_wm.l(pow.o)
    0x08039110   0x08039110   0x00000008   Data   RO         1714    .constdata          m_wm.l(qnan.o)
    0x08039118   0x08039118   0x00000094   Data   RO         1763    .constdata          c_w.l(bigflt0.o)
    0x080391ac   0x080391ac   0x0000004a   Data   RO         1372    .conststring        main.o
    0x080391f6   0x080391f6   0x00000002   PAD
    0x080391f8   0x080391f8   0x00000020   Data   RO         1951    Region$$Table       anon$$obj.o
    0x08039218   0x08039218   0x0000001c   Data   RO         1791    locale$$data        c_w.l(lc_numeric_c.o)


    Execution Region RW_IRAM1 (Exec base: 0x20000000, Load base: 0x08039234, Size: 0x00002698, Max: 0x00020000, ABSOLUTE)

    Exec Addr    Load Addr    Size         Type   Attr      Idx    E Section Name        Object

    0x20000000   0x08039234   0x00000010   Data   RW          181    .data               stm32f4xx_rcc.o
    0x20000010   0x08039244   0x00000004   Data   RW          520    .data               delay.o
    0x20000014   0x08039248   0x00000006   Data   RW          546    .data               usart.o
    0x2000001a   0x0803924e   0x00000002   PAD
    0x2000001c   0x08039250   0x00000014   Data   RW          786    .data               malloc.o
    0x20000030   0x08039264   0x00000004   Data   RW          812    .data               queue.o
    0x20000034   0x08039268   0x00000004   Data   RW          842    .data               queue2.o
    0x20000038   0x0803926c   0x00000002   Data   RW          902    .data               ff.o
    0x2000003a   0x0803926e   0x00000002   PAD
    0x2000003c   0x08039270   0x00000010   Data   RW         1152    .data               candevice5801.o
    0x2000004c   0x08039280   0x00000008   Data   RW         1173    .data               candevice7017.o
    0x20000054   0x08039288   0x00000010   Data   RW         1195    .data               sdio_sdcard.o
    0x20000064   0x08039298   0x0000000d   Data   RW         1271    .data               comscreen.o
    0x20000071   0x080392a5   0x00000003   PAD
    0x20000074   0x080392a8   0x00000004   Data   RW         1373    .data               main.o
    0x20000078   0x080392ac   0x00000014   Data   RW         1525    .data               system_stm32f4xx.o
    0x2000008c        -       0x000000c8   Zero   RW          545    .bss                usart.o
    0x20000154        -       0x00000258   Zero   RW          576    .bss                usart2.o
    0x200003ac        -       0x0000001e   Zero   RW          605    .bss                usart3.o
    0x200003ca   0x080392c0   0x00000016   PAD
    0x200003e0        -       0x00000d48   Zero   RW          784    .bss                malloc.o
    0x20001128        -       0x0000020c   Zero   RW          900    .bss                ff.o
    0x20001334   0x080392c0   0x00000004   PAD
    0x20001338        -       0x000002c0   Zero   RW         1194    .bss                sdio_sdcard.o
    0x200015f8        -       0x00000230   Zero   RW         1221    .bss                sdcardfile.o
    0x20001828        -       0x000002f4   Zero   RW         1270    .bss                comscreen.o
    0x20001b1c        -       0x0000051c   Zero   RW         1427    .bss                translate.o
    0x20002038        -       0x00000060   Zero   RW         1803    .bss                c_w.l(libspace.o)
    0x20002098        -       0x00000200   Zero   RW            2    HEAP                startup_stm32f40_41xxx.o
    0x20002298        -       0x00000400   Zero   RW            1    STACK               startup_stm32f40_41xxx.o


==============================================================================

Image component sizes


      Code (inc. data)   RO Data    RW Data    ZI Data      Debug   Object Name

        60          0          0          0          0        818   atk_m750.o
       416          8          0          0          0       2112   can.o
       456          6          0          0          0     241424   candevice.o
       252          6          0          0          0       1493   candevice3402.o
       172          6          0          0          0       1303   candevice4055.o
      1432         28          0         16          0       3927   candevice5801.o
       696         14          0          8          0       3046   candevice7017.o
       180         18     175304          0          0       2161   cc936.o
       628         30          0         13        756       4143   comscreen.o
        28          0          0          0          0       1135   comscreen_drive.o
       260          8          0          4          0       1453   delay.o
       320          4          0          0          0       3902   diskio.o
        68         10          0          0          0     242878   exit.o
     12766        150         58          2        524      37146   ff.o
       188          8         74          4          0        635   main.o
       556         18         12         20       3400       4519   malloc.o
       224         20          0          0          0     308309   misc.o
       324         56          0          4          0       2879   queue.o
       284         56          0          4          0       2870   queue2.o
       210          0          0          0          0       1432   rtc.o
       616        196          0          0        560       4282   sdcardfile.o
      7516        282          0         16        704      25165   sdio_sdcard.o
        64         26        392          0       1536        848   startup_stm32f40_41xxx.o
      2544         38          0          0          0       8116   stm32f4xx_can.o
       936         32          0          0          0       6365   stm32f4xx_dma.o
       660         44          0          0          0       4129   stm32f4xx_gpio.o
        26          0          0          0          0       1210   stm32f4xx_it.o
       364         12          0          0          0       3779   stm32f4xx_pwr.o
      1628         52          0         16          0      12992   stm32f4xx_rcc.o
      3432         44          0          0          0      15404   stm32f4xx_rtc.o
       476         16          0          0          0       7392   stm32f4xx_sdio.o
      1108         34          0          0          0       7856   stm32f4xx_usart.o
        16          0          0          0          0        472   sys.o
       528         46          0         20          0       1735   system_stm32f4xx.o
      4208        196        126          0       1308       6072   translate.o
       328         16          0          6        200       3282   usart.o
       660         28          0          0        600       2262   usart2.o
       524         24          0          0         30     257010   usart3.o

    ----------------------------------------------------------------------
     45160       1532     176002        140       9644    1235956   Object Totals
         0          0         32          0          0          0   (incl. Generated)
         6          0          4          7         26          0   (incl. Padding)

    ----------------------------------------------------------------------

      Code (inc. data)   RO Data    RW Data    ZI Data      Debug   Library Member Name

         8          0          0          0          0         68   __main.o
       312          4         17          0          0         92   __printf_flags_wp.o
        14          0          0          0          0         68   __printf_wp.o
         0          0          0          0          0          0   __rtentry.o
        12          0          0          0          0          0   __rtentry2.o
         6          0          0          0          0          0   __rtentry4.o
        52          8          0          0          0          0   __scatter.o
        26          0          0          0          0          0   __scatter_copy.o
        28          0          0          0          0          0   __scatter_zi.o
        48          6          0          0          0         96   _printf_char_common.o
        36          4          0          0          0         80   _printf_char_file.o
         6          0          0          0          0          0   _printf_d.o
       120         16          0          0          0         92   _printf_dec.o
         6          0          0          0          0          0   _printf_f.o
      1054          0          0          0          0        216   _printf_fp_dec.o
       128         16          0          0          0         84   _printf_fp_infnan.o
        88          4         40          0          0         88   _printf_hex_int.o
       178          0          0          0          0         88   _printf_intcommon.o
        78          0          0          0          0        108   _printf_pad.o
         0          0          0          0          0          0   _printf_percent.o
         4          0          0          0          0          0   _printf_percent_end.o
         6          0          0          0          0          0   _printf_x.o
        22          0          0          0          0        100   _rserrno.o
        10          0          0          0          0         68   _sputc.o
       228          4        148          0          0         96   bigflt0.o
      1936        128          0          0          0        672   btod.o
        18          0          0          0          0         80   exit.o
         8          0          0          0          0         68   ferror.o
         6          0          0          0          0        152   heapauxi.o
        44         10         28          0          0         76   lc_numeric_c.o
         2          0          0          0          0          0   libinit.o
        22          0          0          0          0          0   libinit2.o
         2          0          0          0          0          0   libshutdown.o
         2          0          0          0          0          0   libshutdown2.o
         8          4          0          0         96         68   libspace.o
        72          0          0          0          0         76   llsdiv.o
       138          0          0          0          0         80   lludiv10.o
       238          0          0          0          0        100   lludivv7m.o
        24          4          0          0          0         84   noretval__2printf.o
        40          6          0          0          0         84   noretval__2sprintf.o
         8          4          0          0          0         68   rt_errno_addr_intlibspace.o
         8          4          0          0          0         68   rt_locale_intlibspace.o
        78          0          0          0          0         80   rt_memclr_w.o
       138          0          0          0          0         68   rt_memcpy_v6.o
       100          0          0          0          0         80   rt_memcpy_w.o
         2          0          0          0          0          0   rtexit.o
        10          0          0          0          0          0   rtexit2.o
        24          0          0          0          0         68   strcat.o
       128          0          0          0          0         68   strcmpv7m.o
        62          0          0          0          0         76   strlen.o
        74          0          0          0          0         80   sys_stackheap_outer.o
         2          0          0          0          0         68   use_no_semi.o
         2          0          0          0          0         68   use_no_semi_2.o
        24          0          0          0          0        164   basic.o
       826         16          0          0          0        492   daddsub_clz.o
        16          4          0          0          0        116   dcheck1.o
        24          0          0          0          0        116   dcmpi.o
       688        140          0          0          0        256   ddiv.o
        84          0          0          0          0        232   dflt_clz.o
       120          4          0          0          0        140   dleqf.o
       340         12          0          0          0        152   dmul.o
       156          4          0          0          0        140   dnaninf.o
        12          0          0          0          0        116   dretinf.o
       108          0          0          0          0        128   drleqf.o
       408         56          0          0          0        168   dsqrt_umaal.o
        10          0          0          0          0        116   fpinit.o
         4          0          0          0          0        116   printf1.o
       100          0          0          0          0        116   retnan.o
        92          0          0          0          0        116   scalbn.o
        48          0          0          0          0        116   trapv.o
         0          0          0          0          0          0   usenofp.o
       164         44          0          0          0        620   dunder.o
        24          0          0          0          0        124   fabs.o
        48          0          0          0          0        124   fpclassify.o
       248          0          0          0          0        152   poly.o
      3152        296        136          0          0        352   pow.o
         0          0          8          0          0          0   qnan.o
       110          0          0          0          0        148   sqrt.o

    ----------------------------------------------------------------------
     12496        798        378          0         96       7996   Library Totals
        24          0          1          0          0          0   (incl. Padding)

    ----------------------------------------------------------------------

      Code (inc. data)   RO Data    RW Data    ZI Data      Debug   Library Name

      5666        222        233          0         96       3676   c_w.l
      3060        236          0          0          0       2800   fz_wm.l
      3746        340        144          0          0       1520   m_wm.l

    ----------------------------------------------------------------------
     12496        798        378          0         96       7996   Library Totals

    ----------------------------------------------------------------------

==============================================================================


      Code (inc. data)   RO Data    RW Data    ZI Data      Debug   

     57656       2330     176380        140       9740    1231572   Grand Totals
     57656       2330     176380        140       9740    1231572   ELF Image Totals
     57656       2330     176380        140          0          0   ROM Totals

==============================================================================

    Total RO  Size (Code + RO Data)               234036 ( 228.55kB)
    Total RW  Size (RW Data + ZI Data)              9880 (   9.65kB)
    Total ROM Size (Code + RO Data + RW Data)     234176 ( 228.69kB)

==============================================================================

